Archive member included to satisfy reference by file (symbol)

C:/ST/STM32CubeIDE_1.16.1/STM32CubeIDE/plugins/com.st.stm32cube.ide.mcu.externaltools.gnu-tools-for-stm32.14.3.rel1.win32_1.0.100.202602081740/tools/bin/../lib/gcc/arm-none-eabi/14.3.1/../../../../arm-none-eabi/lib/thumb/v7e-m+fp/hard\libstdc++_nano.a(del_ops.o)
                              ./Core/Src/main.o (operator delete(void*, unsigned int))
C:/ST/STM32CubeIDE_1.16.1/STM32CubeIDE/plugins/com.st.stm32cube.ide.mcu.externaltools.gnu-tools-for-stm32.14.3.rel1.win32_1.0.100.202602081740/tools/bin/../lib/gcc/arm-none-eabi/14.3.1/../../../../arm-none-eabi/lib/thumb/v7e-m+fp/hard\libstdc++_nano.a(new_op.o)
                              ./Core/Src/main.o (operator new(unsigned int))
C:/ST/STM32CubeIDE_1.16.1/STM32CubeIDE/plugins/com.st.stm32cube.ide.mcu.externaltools.gnu-tools-for-stm32.14.3.rel1.win32_1.0.100.202602081740/tools/bin/../lib/gcc/arm-none-eabi/14.3.1/../../../../arm-none-eabi/lib/thumb/v7e-m+fp/hard\libstdc++_nano.a(functexcept.o)
                              ./Core/Src/main.o (std::__throw_bad_alloc())
C:/ST/STM32CubeIDE_1.16.1/STM32CubeIDE/plugins/com.st.stm32cube.ide.mcu.externaltools.gnu-tools-for-stm32.14.3.rel1.win32_1.0.100.202602081740/tools/bin/../lib/gcc/arm-none-eabi/14.3.1/../../../../arm-none-eabi/lib/thumb/v7e-m+fp/hard\libstdc++_nano.a(placeholders.o)
                              ./Core/Src/main.o (std::placeholders::_1)
C:/ST/STM32CubeIDE_1.16.1/STM32CubeIDE/plugins/com.st.stm32cube.ide.mcu.externaltools.gnu-tools-for-stm32.14.3.rel1.win32_1.0.100.202602081740/tools/bin/../lib/gcc/arm-none-eabi/14.3.1/../../../../arm-none-eabi/lib/thumb/v7e-m+fp/hard\libstdc++_nano.a(shared_ptr.o)
                              ./Core/Src/main.o (std::_Sp_make_shared_tag::_S_eq(std::type_info const&))
C:/ST/STM32CubeIDE_1.16.1/STM32CubeIDE/plugins/com.st.stm32cube.ide.mcu.externaltools.gnu-tools-for-stm32.14.3.rel1.win32_1.0.100.202602081740/tools/bin/../lib/gcc/arm-none-eabi/14.3.1/../../../../arm-none-eabi/lib/thumb/v7e-m+fp/hard\libstdc++_nano.a(class_type_info.o)
                              C:/ST/STM32CubeIDE_1.16.1/STM32CubeIDE/plugins/com.st.stm32cube.ide.mcu.externaltools.gnu-tools-for-stm32.14.3.rel1.win32_1.0.100.202602081740/tools/bin/../lib/gcc/arm-none-eabi/14.3.1/../../../../arm-none-eabi/lib/thumb/v7e-m+fp/hard\libstdc++_nano.a(shared_ptr.o) (vtable for __cxxabiv1::__class_type_info)
C:/ST/STM32CubeIDE_1.16.1/STM32CubeIDE/plugins/com.st.stm32cube.ide.mcu.externaltools.gnu-tools-for-stm32.14.3.rel1.win32_1.0.100.202602081740/tools/bin/../lib/gcc/arm-none-eabi/14.3.1/../../../../arm-none-eabi/lib/thumb/v7e-m+fp/hard\libstdc++_nano.a(del_op.o)
                              C:/ST/STM32CubeIDE_1.16.1/STM32CubeIDE/plugins/com.st.stm32cube.ide.mcu.externaltools.gnu-tools-for-stm32.14.3.rel1.win32_1.0.100.202602081740/tools/bin/../lib/gcc/arm-none-eabi/14.3.1/../../../../arm-none-eabi/lib/thumb/v7e-m+fp/hard\libstdc++_nano.a(del_ops.o) (operator delete(void*))
C:/ST/STM32CubeIDE_1.16.1/STM32CubeIDE/plugins/com.st.stm32cube.ide.mcu.externaltools.gnu-tools-for-stm32.14.3.rel1.win32_1.0.100.202602081740/tools/bin/../lib/gcc/arm-none-eabi/14.3.1/../../../../arm-none-eabi/lib/thumb/v7e-m+fp/hard\libstdc++_nano.a(eh_exception.o)
                              C:/ST/STM32CubeIDE_1.16.1/STM32CubeIDE/plugins/com.st.stm32cube.ide.mcu.externaltools.gnu-tools-for-stm32.14.3.rel1.win32_1.0.100.202602081740/tools/bin/../lib/gcc/arm-none-eabi/14.3.1/../../../../arm-none-eabi/lib/thumb/v7e-m+fp/hard\libstdc++_nano.a(shared_ptr.o) (std::exception::~exception())
C:/ST/STM32CubeIDE_1.16.1/STM32CubeIDE/plugins/com.st.stm32cube.ide.mcu.externaltools.gnu-tools-for-stm32.14.3.rel1.win32_1.0.100.202602081740/tools/bin/../lib/gcc/arm-none-eabi/14.3.1/../../../../arm-none-eabi/lib/thumb/v7e-m+fp/hard\libstdc++_nano.a(guard.o)
                              C:/ST/STM32CubeIDE_1.16.1/STM32CubeIDE/plugins/com.st.stm32cube.ide.mcu.externaltools.gnu-tools-for-stm32.14.3.rel1.win32_1.0.100.202602081740/tools/bin/../lib/gcc/arm-none-eabi/14.3.1/../../../../arm-none-eabi/lib/thumb/v7e-m+fp/hard\libstdc++_nano.a(shared_ptr.o) (__cxa_guard_acquire)
C:/ST/STM32CubeIDE_1.16.1/STM32CubeIDE/plugins/com.st.stm32cube.ide.mcu.externaltools.gnu-tools-for-stm32.14.3.rel1.win32_1.0.100.202602081740/tools/bin/../lib/gcc/arm-none-eabi/14.3.1/../../../../arm-none-eabi/lib/thumb/v7e-m+fp/hard\libstdc++_nano.a(new_handler.o)
                              C:/ST/STM32CubeIDE_1.16.1/STM32CubeIDE/plugins/com.st.stm32cube.ide.mcu.externaltools.gnu-tools-for-stm32.14.3.rel1.win32_1.0.100.202602081740/tools/bin/../lib/gcc/arm-none-eabi/14.3.1/../../../../arm-none-eabi/lib/thumb/v7e-m+fp/hard\libstdc++_nano.a(new_op.o) (std::get_new_handler())
[...]
Memory Configuration

Name             Origin             Length             Attributes
RAM              0x20000000         0x00018000         xrw
RAM2             0x10000000         0x00008000         xrw
FLASH            0x08000000         0x00100000         xr
*default*        0x00000000         0xffffffff

Linker script and memory map

LOAD C:/ST/STM32CubeIDE_1.16.1/STM32CubeIDE/plugins/com.st.stm32cube.ide.mcu.externaltools.gnu-tools-for-stm32.14.3.rel1.win32_1.0.100.202602081740/tools/bin/../lib/gcc/arm-none-eabi/14.3.1/thumb/v7e-m+fp/hard/crti.o
LOAD C:/ST/STM32CubeIDE_1.16.1/STM32CubeIDE/plugins/com.st.stm32cube.ide.mcu.externaltools.gnu-tools-for-stm32.14.3.rel1.win32_1.0.100.202602081740/tools/bin/../lib/gcc/arm-none-eabi/14.3.1/thumb/v7e-m+fp/hard/crtbegin.o
LOAD C:/ST/STM32CubeIDE_1.16.1/STM32CubeIDE/plugins/com.st.stm32cube.ide.mcu.externaltools.gnu-tools-for-stm32.14.3.rel1.win32_1.0.100.202602081740/tools/bin/../lib/gcc/arm-none-eabi/14.3.1/../../../../arm-none-eabi/lib/thumb/v7e-m+fp/hard/crt0.o
LOAD ./Core/Src/main.o
LOAD ./Core/Src/stm32l4xx_hal_msp.o
LOAD ./Core/Src/stm32l4xx_it.o
LOAD ./Core/Src/syscalls.o
LOAD ./Core/Src/sysmem.o
LOAD ./Core/Src/system_stm32l4xx.o
LOAD ./Core/Startup/startup_stm32l476rgtx.o
LOAD ./Drivers/STM32L4xx_HAL_Driver/Src/stm32l4xx_hal.o
LOAD ./Drivers/STM32L4xx_HAL_Driver/Src/stm32l4xx_hal_cortex.o
LOAD ./Drivers/STM32L4xx_HAL_Driver/Src/stm32l4xx_hal_dma.o
LOAD ./Drivers/STM32L4xx_HAL_Driver/Src/stm32l4xx_hal_dma_ex.o
LOAD ./Drivers/STM32L4xx_HAL_Driver/Src/stm32l4xx_hal_exti.o
LOAD ./Drivers/STM32L4xx_HAL_Driver/Src/stm32l4xx_hal_flash.o
LOAD ./Drivers/STM32L4xx_HAL_Driver/Src/stm32l4xx_hal_flash_ex.o
LOAD ./Drivers/STM32L4xx_HAL_Driver/Src/stm32l4xx_hal_flash_ramfunc.o
LOAD ./Drivers/STM32L4xx_HAL_Driver/Src/stm32l4xx_hal_gpio.o
LOAD ./Drivers/STM32L4xx_HAL_Driver/Src/stm32l4xx_hal_i2c.o
LOAD ./Drivers/STM32L4xx_HAL_Driver/Src/stm32l4xx_hal_i2c_ex.o
LOAD ./Drivers/STM32L4xx_HAL_Driver/Src/stm32l4xx_hal_pwr.o
LOAD ./Drivers/STM32L4xx_HAL_Driver/Src/stm32l4xx_hal_pwr_ex.o
LOAD ./Drivers/STM32L4xx_HAL_Driver/Src/stm32l4xx_hal_rcc.o
LOAD ./Drivers/STM32L4xx_HAL_Driver/Src/stm32l4xx_hal_rcc_ex.o
LOAD ./Drivers/STM32L4xx_HAL_Driver/Src/stm32l4xx_hal_tim.o
LOAD ./Drivers/STM32L4xx_HAL_Driver/Src/stm32l4xx_hal_tim_ex.o
LOAD ./Drivers/STM32L4xx_HAL_Driver/Src/stm32l4xx_hal_uart.o
LOAD ./Drivers/STM32L4xx_HAL_Driver/Src/stm32l4xx_hal_uart_ex.o
START GROUP
LOAD C:/ST/STM32CubeIDE_1.16.1/STM32CubeIDE/plugins/com.st.stm32cube.ide.mcu.externaltools.gnu-tools-for-stm32.14.3.rel1.win32_1.0.100.202602081740/tools/bin/../lib/gcc/arm-none-eabi/14.3.1/../../../../arm-none-eabi/lib/thumb/v7e-m+fp/hard\libstdc++_nano.a
LOAD C:/ST/STM32CubeIDE_1.16.1/STM32CubeIDE/plugins/com.st.stm32cube.ide.mcu.externaltools.gnu-tools-for-stm32.14.3.rel1.win32_1.0.100.202602081740/tools/bin/../lib/gcc/arm-none-eabi/14.3.1/../../../../arm-none-eabi/lib/thumb/v7e-m+fp/hard\libsupc++_nano.a
END GROUP
LOAD C:/ST/STM32CubeIDE_1.16.1/STM32CubeIDE/plugins/com.st.stm32cube.ide.mcu.externaltools.gnu-tools-for-stm32.14.3.rel1.win32_1.0.100.202602081740/tools/bin/../lib/gcc/arm-none-eabi/14.3.1/../../../../arm-none-eabi/lib/thumb/v7e-m+fp/hard\libstdc++_nano.a
LOAD C:/ST/STM32CubeIDE_1.16.1/STM32CubeIDE/plugins/com.st.stm32cube.ide.mcu.externaltools.gnu-tools-for-stm32.14.3.rel1.win32_1.0.100.202602081740/tools/bin/../lib/gcc/arm-none-eabi/14.3.1/../../../../arm-none-eabi/lib/thumb/v7e-m+fp/hard\libm.a
LOAD C:/ST/STM32CubeIDE_1.16.1/STM32CubeIDE/plugins/com.st.stm32cube.ide.mcu.externaltools.gnu-tools-for-stm32.14.3.rel1.win32_1.0.100.202602081740/tools/bin/../lib/gcc/arm-none-eabi/14.3.1/../../../../arm-none-eabi/lib/thumb/v7e-m+fp/hard\libc_nano.a
START GROUP
LOAD C:/ST/STM32CubeIDE_1.16.1/STM32CubeIDE/plugins/com.st.stm32cube.ide.mcu.externaltools.gnu-tools-for-stm32.14.3.rel1.win32_1.0.100.202602081740/tools/bin/../lib/gcc/arm-none-eabi/14.3.1/thumb/v7e-m+fp/hard\libgcc.a
LOAD C:/ST/STM32CubeIDE_1.16.1/STM32CubeIDE/plugins/com.st.stm32cube.ide.mcu.externaltools.gnu-tools-for-stm32.14.3.rel1.win32_1.0.100.202602081740/tools/bin/../lib/gcc/arm-none-eabi/14.3.1/../../../../arm-none-eabi/lib/thumb/v7e-m+fp/hard\libc_nano.a
END GROUP
START GROUP
LOAD C:/ST/STM32CubeIDE_1.16.1/STM32CubeIDE/plugins/com.st.stm32cube.ide.mcu.externaltools.gnu-tools-for-stm32.14.3.rel1.win32_1.0.100.202602081740/tools/bin/../lib/gcc/arm-none-eabi/14.3.1/thumb/v7e-m+fp/hard\libgcc.a
LOAD C:/ST/STM32CubeIDE_1.16.1/STM32CubeIDE/plugins/com.st.stm32cube.ide.mcu.externaltools.gnu-tools-for-stm32.14.3.rel1.win32_1.0.100.202602081740/tools/bin/../lib/gcc/arm-none-eabi/14.3.1/../../../../arm-none-eabi/lib/thumb/v7e-m+fp/hard\libc_nano.a
LOAD C:/ST/STM32CubeIDE_1.16.1/STM32CubeIDE/plugins/com.st.stm32cube.ide.mcu.externaltools.gnu-tools-for-stm32.14.3.rel1.win32_1.0.100.202602081740/tools/bin/../lib/gcc/arm-none-eabi/14.3.1/../../../../arm-none-eabi/lib/thumb/v7e-m+fp/hard\libnosys.a
END GROUP
START GROUP
LOAD C:/ST/STM32CubeIDE_1.16.1/STM32CubeIDE/plugins/com.st.stm32cube.ide.mcu.externaltools.gnu-tools-for-stm32.14.3.rel1.win32_1.0.100.202602081740/tools/bin/../lib/gcc/arm-none-eabi/14.3.1/thumb/v7e-m+fp/hard\libgcc.a
LOAD C:/ST/STM32CubeIDE_1.16.1/STM32CubeIDE/plugins/com.st.stm32cube.ide.mcu.externaltools.gnu-tools-for-stm32.14.3.rel1.win32_1.0.100.202602081740/tools/bin/../lib/gcc/arm-none-eabi/14.3.1/../../../../arm-none-eabi/lib/thumb/v7e-m+fp/hard\libc_nano.a
LOAD C:/ST/STM32CubeIDE_1.16.1/STM32CubeIDE/plugins/com.st.stm32cube.ide.mcu.externaltools.gnu-tools-for-stm32.14.3.rel1.win32_1.0.100.202602081740/tools/bin/../lib/gcc/arm-none-eabi/14.3.1/../../../../arm-none-eabi/lib/thumb/v7e-m+fp/hard\libnosys.a
END GROUP
LOAD C:/ST/STM32CubeIDE_1.16.1/STM32CubeIDE/plugins/com.st.stm32cube.ide.mcu.externaltools.gnu-tools-for-stm32.14.3.rel1.win32_1.0.100.202602081740/tools/bin/../lib/gcc/arm-none-eabi/14.3.1/thumb/v7e-m+fp/hard/crtend.o
LOAD C:/ST/STM32CubeIDE_1.16.1/STM32CubeIDE/plugins/com.st.stm32cube.ide.mcu.externaltools.gnu-tools-for-stm32.14.3.rel1.win32_1.0.100.202602081740/tools/bin/../lib/gcc/arm-none-eabi/14.3.1/thumb/v7e-m+fp/hard/crtn.o
                0x20018000                        _estack = (ORIGIN (RAM) + LENGTH (RAM))
                0x00000200                        _Min_Heap_Size = 0x200
                0x00000400                        _Min_Stack_Size = 0x400

.isr_vector     0x08000000      0x188
                0x08000000                        . = ALIGN (0x4)
 *(.isr_vector)
 .isr_vector    0x08000000      0x188 ./Core/Startup/startup_stm32l476rgtx.o
                0x08000000                g_pfnVectors
                0x08000188                        . = ALIGN (0x4)

.text           0x08000190     0xa444
                0x08000190                        . = ALIGN (0x4)
 *(.text)
 .text          0x08000190       0x40 C:/ST/STM32CubeIDE_1.16.1/STM32CubeIDE/plugins/com.st.stm32cube.ide.mcu.externaltools.gnu-tools-for-stm32.14.3.rel1.win32_1.0.100.202602081740/tools/bin/../lib/gcc/arm-none-eabi/14.3.1/thumb/v7e-m+fp/hard/crtbegin.o
 .text          0x080001d0       0x14 C:/ST/STM32CubeIDE_1.16.1/STM32CubeIDE/plugins/com.st.stm32cube.ide.mcu.externaltools.gnu-tools-for-stm32.14.3.rel1.win32_1.0.100.202602081740/tools/bin/../lib/gcc/arm-none-eabi/14.3.1/../../../../arm-none-eabi/lib/thumb/v7e-m+fp/hard\libc_nano.a(libc_a-strcmp.o)
                0x080001d0                strcmp
 *fill*         0x080001e4        0xc 
 .text          0x080001f0       0xa0 C:/ST/STM32CubeIDE_1.16.1/STM32CubeIDE/plugins/com.st.stm32cube.ide.mcu.externaltools.gnu-tools-for-stm32.14.3.rel1.win32_1.0.100.202602081740/tools/bin/../lib/gcc/arm-none-eabi/14.3.1/../../../../arm-none-eabi/lib/thumb/v7e-m+fp/hard\libc_nano.a(libc_a-memchr.o)
                0x080001f0                memchr
 .text          0x08000290       0x30 C:/ST/STM32CubeIDE_1.16.1/STM32CubeIDE/plugins/com.st.stm32cube.ide.mcu.externaltools.gnu-tools-for-stm32.14.3.rel1.win32_1.0.100.202602081740/tools/bin/../lib/gcc/arm-none-eabi/14.3.1/thumb/v7e-m+fp/hard\libgcc.a(_aeabi_uldivmod.o)
                0x08000290                __aeabi_uldivmod
 .text          0x080002c0      0x2f8 C:/ST/STM32CubeIDE_1.16.1/STM32CubeIDE/plugins/com.st.stm32cube.ide.mcu.externaltools.gnu-tools-for-stm32.14.3.rel1.win32_1.0.100.202602081740/tools/bin/../lib/gcc/arm-none-eabi/14.3.1/thumb/v7e-m+fp/hard\libgcc.a(_udivmoddi4.o)
                0x080002c0                __udivmoddi4
 .text          0x080005b8        0x4 C:/ST/STM32CubeIDE_1.16.1/STM32CubeIDE/plugins/com.st.stm32cube.ide.mcu.externaltools.gnu-tools-for-stm32.14.3.rel1.win32_1.0.100.202602081740/tools/bin/../lib/gcc/arm-none-eabi/14.3.1/thumb/v7e-m+fp/hard\libgcc.a(_dvmd_tls.o)
                0x080005b8                __aeabi_idiv0
                0x080005b8                __aeabi_ldiv0
 *(.text*)
 .text._ZnwjPv  0x080005bc       0x18 ./Core/Src/main.o
                0x080005bc                operator new(unsigned int, void*)
 .text._ZNSt9_Any_data9_M_accessEv
                0x080005d4       0x16 ./Core/Src/main.o
                0x080005d4                std::_Any_data::_M_access()
 .text._ZNKSt9_Any_data9_M_accessEv
                0x080005ea       0x16 ./Core/Src/main.o
                0x080005ea                std::_Any_data::_M_access() const
 .text._ZNSt14_Function_baseD2Ev
                0x08000600       0x26 ./Core/Src/main.o
                0x08000600                std::_Function_base::~_Function_base()
                0x08000600                std::_Function_base::~_Function_base()
 .text._ZNKSt14_Function_base8_M_emptyEv
                0x08000626       0x22 ./Core/Src/main.o
                0x08000626                std::_Function_base::_M_empty() const
 .text._ZNSt16_Sp_counted_baseILN9__gnu_cxx12_Lock_policyE0EE10_M_releaseEv
                0x08000648       0x60 ./Core/Src/main.o
                0x08000648                std::_Sp_counted_base<(__gnu_cxx::_Lock_policy)0>::_M_release()
 .text._ZNSt19_Sp_make_shared_tag5_S_tiEv
                0x080006a8       0x14 ./Core/Src/main.o
                0x080006a8                std::_Sp_make_shared_tag::_S_ti()
 .text._ZN10MotorStateC2Ev
                0x080006bc       0x18 ./Core/Src/main.o
                0x080006bc                MotorState::MotorState()
                0x080006bc                MotorState::MotorState()
 .text._ZN10MotorState8setAngleEf
                0x080006d4       0x1e ./Core/Src/main.o
                0x080006d4                MotorState::setAngle(float)
 .text._ZN10MotorState8getAngleEv
                0x080006f2       0x1e ./Core/Src/main.o
                0x080006f2                MotorState::getAngle()
 .text._ZN10MotorState8setSpeedEf
                0x08000710       0x1e ./Core/Src/main.o
                0x08000710                MotorState::setSpeed(float)
 .text._ZN10MotorState8getSpeedEv
                0x0800072e       0x1e ./Core/Src/main.o
                0x0800072e                MotorState::getSpeed()
 .text._ZN10MotorStateD2Ev
                0x0800074c       0x18 ./Core/Src/main.o
                0x0800074c                MotorState::~MotorState()
                0x0800074c                MotorState::~MotorState()
 .text._ZN5Motor12updateTorqueEv
                0x08000764       0x14 ./Core/Src/main.o
                0x08000764                Motor::updateTorque()
 .text._ZN5Motor11updateAngleEv
                0x08000778      0x236 ./Core/Src/main.o
                0x08000778                Motor::updateAngle()
 .text._ZN5Motor11updateSpeedEv
                0x080009ae       0xca ./Core/Src/main.o
                0x080009ae                Motor::updateSpeed()
 .text._ZNSt12__shared_ptrI8ObserverIvELN9__gnu_cxx12_Lock_policyE0EED2Ev
                0x08000a78       0x1c ./Core/Src/main.o
                0x08000a78                std::__shared_ptr<Observer<void>, (__gnu_cxx::_Lock_policy)0>::~__shared_ptr()
                0x08000a78                std::__shared_ptr<Observer<void>, (__gnu_cxx::_Lock_policy)0>::~__shared_ptr()
 .text._ZNSt10shared_ptrI8ObserverIvEED2Ev
                0x08000a94       0x1a ./Core/Src/main.o
                0x08000a94                std::shared_ptr<Observer<void> >::~shared_ptr()
                0x08000a94                std::shared_ptr<Observer<void> >::~shared_ptr()
 *fill*         0x08000aae        0x2 
 .text._ZN6WorkerILj1EED2Ev
                0x08000ab0       0x30 ./Core/Src/main.o
                0x08000ab0                Worker<1u>::~Worker()
                0x08000ab0                Worker<1u>::~Worker()
 .text._ZN6WorkerILj1EED0Ev
                0x08000ae0       0x20 ./Core/Src/main.o
                0x08000ae0                Worker<1u>::~Worker()
 .text._ZN11MotorConfigC2Ev
                0x08000b00       0x1c ./Core/Src/main.o
                0x08000b00                MotorConfig::MotorConfig()
                0x08000b00                MotorConfig::MotorConfig()
 .text._ZN11MotorConfigD2Ev
                0x08000b1c       0x1c ./Core/Src/main.o
                0x08000b1c                MotorConfig::~MotorConfig()
                0x08000b1c                MotorConfig::~MotorConfig()
 .text._ZN5MotorC2E11MotorConfigij
                0x08000b38       0x68 ./Core/Src/main.o
                0x08000b38                Motor::Motor(MotorConfig, int, unsigned int)
                0x08000b38                Motor::Motor(MotorConfig, int, unsigned int)
 .text._ZN5Motor4initEv
                0x08000ba0       0x56 ./Core/Src/main.o
                0x08000ba0                Motor::init()
 .text._ZN5Motor12execMainTaskEv
                0x08000bf6       0x60 ./Core/Src/main.o
                0x08000bf6                Motor::execMainTask()
 .text._ZN5Motor15processFeedBackEPhm
                0x08000c56       0x18 ./Core/Src/main.o
                0x08000c56                Motor::processFeedBack(unsigned char*, unsigned long)
 .text._ZN5Motor13applySetpointE10MotorState
                0x08000c6e       0x24 ./Core/Src/main.o
                0x08000c6e                Motor::applySetpoint(MotorState)
 *fill*         0x08000c92        0x2 
 .text._ZN5MotorD2Ev
                0x08000c94       0x44 ./Core/Src/main.o
                0x08000c94                Motor::~Motor()
                0x08000c94                Motor::~Motor()
 .text._ZN5MotorD0Ev
                0x08000cd8       0x20 ./Core/Src/main.o
                0x08000cd8                Motor::~Motor()
 .text._ZNSt12__shared_ptrI8ObserverI12StaticVectorIhLj500EEELN9__gnu_cxx12_Lock_policyE0EED2Ev
                0x08000cf8       0x1c ./Core/Src/main.o
                0x08000cf8                std::__shared_ptr<Observer<StaticVector<unsigned char, 500u> >, (__gnu_cxx::_Lock_policy)0>::~__shared_ptr()
                0x08000cf8                std::__shared_ptr<Observer<StaticVector<unsigned char, 500u> >, (__gnu_cxx::_Lock_policy)0>::~__shared_ptr()
 .text._ZNSt10shared_ptrI8ObserverI12StaticVectorIhLj500EEEED2Ev
                0x08000d14       0x1a ./Core/Src/main.o
                0x08000d14                std::shared_ptr<Observer<StaticVector<unsigned char, 500u> > >::~shared_ptr()
                0x08000d14                std::shared_ptr<Observer<StaticVector<unsigned char, 500u> > >::~shared_ptr()
 *fill*         0x08000d2e        0x2 
 .text.main     0x08000d30       0x40 ./Core/Src/main.o
                0x08000d30                main
 .text._Z18SystemClock_Configv
                0x08000d70       0xc0 ./Core/Src/main.o
                0x08000d70                SystemClock_Config()
 .text._ZL12MX_TIM1_Initv
                0x08000e30      0x194 ./Core/Src/main.o
 .text._ZL12MX_TIM2_Initv
                0x08000fc4       0xb8 ./Core/Src/main.o
 .text._ZL13MX_UART5_Initv
                0x0800107c       0x68 ./Core/Src/main.o
 .text._ZL12MX_GPIO_Initv
                0x080010e4       0xe4 ./Core/Src/main.o
 .text.HAL_UART_RxCpltCallback
                0x080011c8       0x28 ./Core/Src/main.o
                0x080011c8                HAL_UART_RxCpltCallback
 .text.HAL_TIM_PeriodElapsedCallback
                0x080011f0       0x64 ./Core/Src/main.o
                0x080011f0                HAL_TIM_PeriodElapsedCallback
 .text.Error_Handler
                0x08001254        0xc ./Core/Src/main.o
                0x08001254                Error_Handler
 .text._ZNSt16_Sp_counted_baseILN9__gnu_cxx12_Lock_policyE0EE10_M_destroyEv
                0x08001260       0x20 ./Core/Src/main.o
                0x08001260                std::_Sp_counted_base<(__gnu_cxx::_Lock_policy)0>::_M_destroy()
 .text._ZN15AbstractMessageILj25EEC2Ev
                0x08001280       0x16 ./Core/Src/main.o
                0x08001280                AbstractMessage<25u>::AbstractMessage()
                0x08001280                AbstractMessage<25u>::AbstractMessage()
 .text._ZN15AbstractMessageILj25EED2Ev
                0x08001296       0x16 ./Core/Src/main.o
                0x08001296                AbstractMessage<25u>::~AbstractMessage()
                0x08001296                AbstractMessage<25u>::~AbstractMessage()
 .text._ZNK12StaticVectorIhLj3EE4sizeEv
                0x080012ac       0x18 ./Core/Src/main.o
                0x080012ac                StaticVector<unsigned char, 3u>::size() const
 .text._ZN12StaticVectorIhLj3EEixEi
                0x080012c4       0x44 ./Core/Src/main.o
                0x080012c4                StaticVector<unsigned char, 3u>::operator[](int)
 .text._ZNSt8functionIFvPvEED2Ev
                0x08001308       0x1a ./Core/Src/main.o
                0x08001308                std::function<void (void*)>::~function()
                0x08001308                std::function<void (void*)>::~function()
 *fill*         0x08001322        0x2 
 .text._ZN6WorkerILj1EEC2Eibj
                0x08001324       0xe4 ./Core/Src/main.o
                0x08001324                Worker<1u>::Worker(int, bool, unsigned int)
                0x08001324                Worker<1u>::Worker(int, bool, unsigned int)
 .text._ZN9PublisherIvLj1EED2Ev
                0x08001408       0x28 ./Core/Src/main.o
                0x08001408                Publisher<void, 1u>::~Publisher()
                0x08001408                Publisher<void, 1u>::~Publisher()
 .text._ZN9PublisherIvLj1EED0Ev
                0x08001430       0x20 ./Core/Src/main.o
                0x08001430                Publisher<void, 1u>::~Publisher()
 .text._ZNSt14__shared_countILN9__gnu_cxx12_Lock_policyE0EED2Ev
                0x08001450       0x24 ./Core/Src/main.o
                0x08001450                std::__shared_count<(__gnu_cxx::_Lock_policy)0>::~__shared_count()
                0x08001450                std::__shared_count<(__gnu_cxx::_Lock_policy)0>::~__shared_count()
 .text._ZN12StaticVectorIhLj3EEC2Ev
                0x08001474       0x22 ./Core/Src/main.o
                0x08001474                StaticVector<unsigned char, 3u>::StaticVector()
                0x08001474                StaticVector<unsigned char, 3u>::StaticVector()
 .text._ZN12StaticVectorIhLj3EED2Ev
                0x08001496       0x16 ./Core/Src/main.o
                0x08001496                StaticVector<unsigned char, 3u>::~StaticVector()
                0x08001496                StaticVector<unsigned char, 3u>::~StaticVector()
 .text._ZN13UARTInterfaceILj500ELj3EEC2EP20__UART_HandleTypeDef
                0x080014ac       0x30 ./Core/Src/main.o
                0x080014ac                UARTInterface<500u, 3u>::UARTInterface(__UART_HandleTypeDef*)
                0x080014ac                UARTInterface<500u, 3u>::UARTInterface(__UART_HandleTypeDef*)
 .text._ZN13UARTInterfaceILj500ELj3EED2Ev
                0x080014dc       0x24 ./Core/Src/main.o
                0x080014dc                UARTInterface<500u, 3u>::~UARTInterface()
                0x080014dc                UARTInterface<500u, 3u>::~UARTInterface()
 .text._ZN12StaticVectorIhLj500EED2Ev
                0x08001500       0x16 ./Core/Src/main.o
                0x08001500                StaticVector<unsigned char, 500u>::~StaticVector()
                0x08001500                StaticVector<unsigned char, 500u>::~StaticVector()
 .text._ZN12StaticVectorISt10shared_ptrI8ObserverIS_IhLj500EEEELj3EED2Ev
                0x08001516       0x2e ./Core/Src/main.o
                0x08001516                StaticVector<std::shared_ptr<Observer<StaticVector<unsigned char, 500u> > >, 3u>::~StaticVector()
                0x08001516                StaticVector<std::shared_ptr<Observer<StaticVector<unsigned char, 500u> > >, 3u>::~StaticVector()
 .text._ZN9PublisherI12StaticVectorIhLj500EELj3EED2Ev
                0x08001544       0x28 ./Core/Src/main.o
                0x08001544                Publisher<StaticVector<unsigned char, 500u>, 3u>::~Publisher()
                0x08001544                Publisher<StaticVector<unsigned char, 500u>, 3u>::~Publisher()
 .text._ZN9PublisherI12StaticVectorIhLj500EELj3EED0Ev
                0x0800156c       0x20 ./Core/Src/main.o
                0x0800156c                Publisher<StaticVector<unsigned char, 500u>, 3u>::~Publisher()
 .text._ZN17AbstractInterfaceILj500ELj3EED2Ev
                0x0800158c       0x40 ./Core/Src/main.o
                0x0800158c                AbstractInterface<500u, 3u>::~AbstractInterface()
                0x0800158c                AbstractInterface<500u, 3u>::~AbstractInterface()
 .text._ZNKSt16initializer_listIhE4sizeEv
                0x080015cc       0x18 ./Core/Src/main.o
                0x080015cc                std::initializer_list<unsigned char>::size() const
 .text._ZN12StaticVectorIhLj3EEC2ESt16initializer_listIhE
                0x080015e4       0x6c ./Core/Src/main.o
                0x080015e4                StaticVector<unsigned char, 3u>::StaticVector(std::initializer_list<unsigned char>)
                0x080015e4                StaticVector<unsigned char, 3u>::StaticVector(std::initializer_list<unsigned char>)
 .text._ZN12StaticVectorISt10shared_ptrI8ObserverIvEELj1EED2Ev
                0x08001650       0x2e ./Core/Src/main.o
                0x08001650                StaticVector<std::shared_ptr<Observer<void> >, 1u>::~StaticVector()
                0x08001650                StaticVector<std::shared_ptr<Observer<void> >, 1u>::~StaticVector()
 .text._ZN13UARTInterfaceILj500ELj3EE16askPortListeningEv
                0x0800167e       0x24 ./Core/Src/main.o
                0x0800167e                UARTInterface<500u, 3u>::askPortListening()
 .text._ZN13UARTInterfaceILj500ELj3EE14readFrameAsyncEv
                0x080016a2       0x6a ./Core/Src/main.o
                0x080016a2                UARTInterface<500u, 3u>::readFrameAsync()
 .text._ZN6WorkerILj1EE15startWorkerTaskEv
                0x0800170c       0x4c ./Core/Src/main.o
                0x0800170c                Worker<1u>::startWorkerTask()
 .text._ZNSt16_Sp_counted_baseILN9__gnu_cxx12_Lock_policyE0EED2Ev
                0x08001758       0x20 ./Core/Src/main.o
                0x08001758                std::_Sp_counted_base<(__gnu_cxx::_Lock_policy)0>::~_Sp_counted_base()
                0x08001758                std::_Sp_counted_base<(__gnu_cxx::_Lock_policy)0>::~_Sp_counted_base()
 .text._ZNSt16_Sp_counted_baseILN9__gnu_cxx12_Lock_policyE0EED0Ev
                0x08001778       0x20 ./Core/Src/main.o
                0x08001778                std::_Sp_counted_base<(__gnu_cxx::_Lock_policy)0>::~_Sp_counted_base()
 .text._ZN9PublisherIvLj1EEC2Ev
                0x08001798       0x28 ./Core/Src/main.o
                0x08001798                Publisher<void, 1u>::Publisher()
                0x08001798                Publisher<void, 1u>::Publisher()
 .text._ZNSt10shared_ptrI8ObserverIvEEC2Ev
                0x080017c0       0x1a ./Core/Src/main.o
                0x080017c0                std::shared_ptr<Observer<void> >::shared_ptr()
                0x080017c0                std::shared_ptr<Observer<void> >::shared_ptr()
 .text._ZSt11make_sharedI8ObserverIvEJEESt10shared_ptrINSt9enable_ifIXntsrSt8is_arrayIT_E5valueES5_E4typeEEDpOT0_
                0x080017da       0x1c ./Core/Src/main.o
                0x080017da                std::shared_ptr<std::enable_if<!std::is_array<Observer<void> >::value, Observer<void> >::type> std::make_shared<Observer<void>>()
 .text._ZNSt10shared_ptrI8ObserverIvEEaSEOS2_
                0x080017f6       0x26 ./Core/Src/main.o
                0x080017f6                std::shared_ptr<Observer<void> >::operator=(std::shared_ptr<Observer<void> >&&)
 .text._ZNKSt19__shared_ptr_accessI8ObserverIvELN9__gnu_cxx12_Lock_policyE0ELb0ELb0EEptEv
                0x0800181c       0x18 ./Core/Src/main.o
                0x0800181c                std::__shared_ptr_access<Observer<void>, (__gnu_cxx::_Lock_policy)0, false, false>::operator->() const
 .text._ZN8ObserverIvE11setCallbackESt8functionIFvPvEE
                0x08001834       0x1e ./Core/Src/main.o
                0x08001834                Observer<void>::setCallback(std::function<void (void*)>)
 .text._ZNSt5tupleIJP6WorkerILj1EEEEC2EOS3_
                0x08001852       0x20 ./Core/Src/main.o
                0x08001852                std::tuple<Worker<1u>*>::tuple(std::tuple<Worker<1u>*>&&)
                0x08001852                std::tuple<Worker<1u>*>::tuple(std::tuple<Worker<1u>*>&&)
 .text._ZNSt5_BindIFM6WorkerILj1EEFvvEPS1_EEC2EOS6_
                0x08001872       0x32 ./Core/Src/main.o
                0x08001872                std::_Bind<void (Worker<1u>::*(Worker<1u>*))()>::_Bind(std::_Bind<void (Worker<1u>::*(Worker<1u>*))()>&&)
                0x08001872                std::_Bind<void (Worker<1u>::*(Worker<1u>*))()>::_Bind(std::_Bind<void (Worker<1u>::*(Worker<1u>*))()>&&)
 .text._ZSt4bindIM6WorkerILj1EEFvvEJPS1_EENSt12_Bind_helperIXsrSt5__or_IJSt11is_integralINSt5decayIT_E4typeEESt7is_enumISB_EEE5valueES9_JDpT0_EE4typeEOS9_DpOSG_
                0x080018a4       0x2e ./Core/Src/main.o
                0x080018a4                std::_Bind_helper<std::__or_<std::is_integral<std::decay<void (Worker<1u>::*)()>::type>, std::is_enum<std::decay<void (Worker<1u>::*)()>::type> >::value, void (Worker<1u>::*)(), Worker<1u>*>::type std::bind<void (Worker<1u>::*)(), Worker<1u>*>(void (Worker<1u>::*&&)(), Worker<1u>*&&)
 .text._ZNSt14_Function_baseC2Ev
                0x080018d2       0x26 ./Core/Src/main.o
                0x080018d2                std::_Function_base::_Function_base()
                0x080018d2                std::_Function_base::_Function_base()
 .text._ZNSt8functionIFvPvEEC2ISt5_BindIFM6WorkerILj1EEFvvEPS6_EEvEEOT_
                0x080018f8       0x60 ./Core/Src/main.o
                0x080018f8                std::function<void (void*)>::function<std::_Bind<void (Worker<1u>::*(Worker<1u>*))()>, void>(std::_Bind<void (Worker<1u>::*(Worker<1u>*))()>&&)
                0x080018f8                std::function<void (void*)>::function<std::_Bind<void (Worker<1u>::*(Worker<1u>*))()>, void>(std::_Bind<void (Worker<1u>::*(Worker<1u>*))()>&&)
 .text._ZNSt8functionIFvP12StaticVectorIhLj500EEEED2Ev
                0x08001958       0x1a ./Core/Src/main.o
                0x08001958                std::function<void (StaticVector<unsigned char, 500u>*)>::~function()
                0x08001958                std::function<void (StaticVector<unsigned char, 500u>*)>::~function()
 *fill*         0x08001972        0x2 
 .text._ZN17AbstractInterfaceILj500ELj3EEC2Ev
                0x08001974       0xcc ./Core/Src/main.o
                0x08001974                AbstractInterface<500u, 3u>::AbstractInterface()
                0x08001974                AbstractInterface<500u, 3u>::AbstractInterface()
 .text._ZNKSt16initializer_listIhE5beginEv
                0x08001a40       0x18 ./Core/Src/main.o
                0x08001a40                std::initializer_list<unsigned char>::begin() const
 .text._ZNKSt16initializer_listIhE3endEv
                0x08001a58       0x22 ./Core/Src/main.o
                0x08001a58                std::initializer_list<unsigned char>::end() const
 .text._ZSt4copyIPKhPhET0_T_S4_S3_
                0x08001a7a       0x30 ./Core/Src/main.o
                0x08001a7a                unsigned char* std::copy<unsigned char const*, unsigned char*>(unsigned char const*, unsigned char const*, unsigned char*)
 .text._ZNK12StaticVectorIhLj500EE4sizeEv
                0x08001aaa       0x1a ./Core/Src/main.o
                0x08001aaa                StaticVector<unsigned char, 500u>::size() const
 .text._ZN12StaticVectorIhLj500EE8capacityEv
                0x08001ac4       0x1a ./Core/Src/main.o
                0x08001ac4                StaticVector<unsigned char, 500u>::capacity()
 .text._ZN12StaticVectorIhLj500EE8removeAtEi
                0x08001ade       0x64 ./Core/Src/main.o
                0x08001ade                StaticVector<unsigned char, 500u>::removeAt(int)
 .text._ZN12StaticVectorIhLj500EE9push_backEh
                0x08001b42       0x3c ./Core/Src/main.o
                0x08001b42                StaticVector<unsigned char, 500u>::push_back(unsigned char)
 .text._ZNSt12__shared_ptrI8ObserverIvELN9__gnu_cxx12_Lock_policyE0EEC2Ev
                0x08001b7e       0x22 ./Core/Src/main.o
                0x08001b7e                std::__shared_ptr<Observer<void>, (__gnu_cxx::_Lock_policy)0>::__shared_ptr()
                0x08001b7e                std::__shared_ptr<Observer<void>, (__gnu_cxx::_Lock_policy)0>::__shared_ptr()
 .text._ZNSt14__shared_countILN9__gnu_cxx12_Lock_policyE0EEC2Ev
                0x08001ba0       0x1c ./Core/Src/main.o
                0x08001ba0                std::__shared_count<(__gnu_cxx::_Lock_policy)0>::__shared_count()
                0x08001ba0                std::__shared_count<(__gnu_cxx::_Lock_policy)0>::__shared_count()
 .text._ZN12StaticVectorISt10shared_ptrI8ObserverIvEELj1EEC2Ev
                0x08001bbc       0x2c ./Core/Src/main.o
                0x08001bbc                StaticVector<std::shared_ptr<Observer<void> >, 1u>::StaticVector()
                0x08001bbc                StaticVector<std::shared_ptr<Observer<void> >, 1u>::StaticVector()
 .text._ZNSt10shared_ptrI8ObserverIvEEC2ISaIvEJEEESt20_Sp_alloc_shared_tagIT_EDpOT0_
                0x08001be8       0x1e ./Core/Src/main.o
                0x08001be8                std::shared_ptr<Observer<void> >::shared_ptr<std::allocator<void>>(std::_Sp_alloc_shared_tag<std::allocator<void> >)
                0x08001be8                std::shared_ptr<Observer<void> >::shared_ptr<std::allocator<void>>(std::_Sp_alloc_shared_tag<std::allocator<void> >)
 .text._ZSt4moveIRSt10shared_ptrI8ObserverIvEEEONSt16remove_referenceIT_E4typeEOS6_
                0x08001c06       0x16 ./Core/Src/main.o
                0x08001c06                std::remove_reference<std::shared_ptr<Observer<void> >&>::type&& std::move<std::shared_ptr<Observer<void> >&>(std::shared_ptr<Observer<void> >&)
 .text._ZNSt12__shared_ptrI8ObserverIvELN9__gnu_cxx12_Lock_policyE0EEaSEOS4_
                0x08001c1c       0x3e ./Core/Src/main.o
                0x08001c1c                std::__shared_ptr<Observer<void>, (__gnu_cxx::_Lock_policy)0>::operator=(std::__shared_ptr<Observer<void>, (__gnu_cxx::_Lock_policy)0>&&)
 .text._ZNKSt19__shared_ptr_accessI8ObserverIvELN9__gnu_cxx12_Lock_policyE0ELb0ELb0EE6_M_getEv
                0x08001c5a       0x18 ./Core/Src/main.o
                0x08001c5a                std::__shared_ptr_access<Observer<void>, (__gnu_cxx::_Lock_policy)0, false, false>::_M_get() const
 .text._ZNSt8functionIFvPvEEaSERKS2_
                0x08001c72       0x36 ./Core/Src/main.o
                0x08001c72                std::function<void (void*)>::operator=(std::function<void (void*)> const&)
 .text._ZSt7forwardIM6WorkerILj1EEFvvEEOT_RNSt16remove_referenceIS4_E4typeE
                0x08001ca8       0x16 ./Core/Src/main.o
                0x08001ca8                void (Worker<1u>::*&&std::forward<void (Worker<1u>::*)()>(std::remove_reference<void (Worker<1u>::*)()>::type&))()
 .text._ZSt7forwardIP6WorkerILj1EEEOT_RNSt16remove_referenceIS3_E4typeE
                0x08001cbe       0x16 ./Core/Src/main.o
                0x08001cbe                Worker<1u>*&& std::forward<Worker<1u>*>(std::remove_reference<Worker<1u>*>::type&)
 .text._ZNSt5_BindIFM6WorkerILj1EEFvvEPS1_EEC2IJS4_EEEOS3_DpOT_
                0x08001cd4       0x3e ./Core/Src/main.o
                0x08001cd4                std::_Bind<void (Worker<1u>::*(Worker<1u>*))()>::_Bind<Worker<1u>*>(void (Worker<1u>::*&&)(), Worker<1u>*&&)
                0x08001cd4                std::_Bind<void (Worker<1u>::*(Worker<1u>*))()>::_Bind<Worker<1u>*>(void (Worker<1u>::*&&)(), Worker<1u>*&&)
 .text._ZNSt11_Tuple_implILj0EJP6WorkerILj1EEEEC2EOS3_
                0x08001d12       0x20 ./Core/Src/main.o
                0x08001d12                std::_Tuple_impl<0u, Worker<1u>*>::_Tuple_impl(std::_Tuple_impl<0u, Worker<1u>*>&&)
                0x08001d12                std::_Tuple_impl<0u, Worker<1u>*>::_Tuple_impl(std::_Tuple_impl<0u, Worker<1u>*>&&)
 .text._ZNSt14_Function_base13_Base_managerISt5_BindIFM6WorkerILj1EEFvvEPS3_EEE21_M_not_empty_functionIS8_EEbRKT_
                0x08001d32       0x16 ./Core/Src/main.o
                0x08001d32                bool std::_Function_base::_Base_manager<std::_Bind<void (Worker<1u>::*(Worker<1u>*))()> >::_M_not_empty_function<std::_Bind<void (Worker<1u>::*(Worker<1u>*))()> >(std::_Bind<void (Worker<1u>::*(Worker<1u>*))()> const&)
 .text._ZSt7forwardISt5_BindIFM6WorkerILj1EEFvvEPS2_EEEOT_RNSt16remove_referenceIS8_E4typeE
                0x08001d48       0x16 ./Core/Src/main.o
                0x08001d48                std::_Bind<void (Worker<1u>::*(Worker<1u>*))()>&& std::forward<std::_Bind<void (Worker<1u>::*(Worker<1u>*))()> >(std::remove_reference<std::_Bind<void (Worker<1u>::*(Worker<1u>*))()> >::type&)
 .text._ZNSt14_Function_base13_Base_managerISt5_BindIFM6WorkerILj1EEFvvEPS3_EEE15_M_init_functorIS8_EEvRSt9_Any_dataOT_
                0x08001d5e       0x24 ./Core/Src/main.o
                0x08001d5e                void std::_Function_base::_Base_manager<std::_Bind<void (Worker<1u>::*(Worker<1u>*))()> >::_M_init_functor<std::_Bind<void (Worker<1u>::*(Worker<1u>*))()> >(std::_Any_data&, std::_Bind<void (Worker<1u>::*(Worker<1u>*))()>&&)
 .text._ZNSt17_Function_handlerIFvPvESt5_BindIFM6WorkerILj1EEFvvEPS4_EEE9_M_invokeERKSt9_Any_dataOS0_
                0x08001d82       0x2a ./Core/Src/main.o
                0x08001d82                std::_Function_handler<void (void*), std::_Bind<void (Worker<1u>::*(Worker<1u>*))()> >::_M_invoke(std::_Any_data const&, void*&&)
 .text._ZNSt17_Function_handlerIFvPvESt5_BindIFM6WorkerILj1EEFvvEPS4_EEE10_M_managerERSt9_Any_dataRKSB_St18_Manager_operation
                0x08001dac       0x3e ./Core/Src/main.o
                0x08001dac                std::_Function_handler<void (void*), std::_Bind<void (Worker<1u>::*(Worker<1u>*))()> >::_M_manager(std::_Any_data&, std::_Any_data const&, std::_Manager_operation)
 .text._ZNKSt8functionIFvPvEEcvbEv
                0x08001dea       0x20 ./Core/Src/main.o
                0x08001dea                std::function<void (void*)>::operator bool() const
 .text._ZN12StaticVectorIhLj500EEC2Ev
                0x08001e0a       0x28 ./Core/Src/main.o
                0x08001e0a                StaticVector<unsigned char, 500u>::StaticVector()
                0x08001e0a                StaticVector<unsigned char, 500u>::StaticVector()
 .text._ZNSt10shared_ptrI8ObserverI12StaticVectorIhLj500EEEEC2Ev
                0x08001e32       0x1a ./Core/Src/main.o
                0x08001e32                std::shared_ptr<Observer<StaticVector<unsigned char, 500u> > >::shared_ptr()
                0x08001e32                std::shared_ptr<Observer<StaticVector<unsigned char, 500u> > >::shared_ptr()
 .text._ZN9PublisherI12StaticVectorIhLj500EELj3EEC2Ev
                0x08001e4c       0x28 ./Core/Src/main.o
                0x08001e4c                Publisher<StaticVector<unsigned char, 500u>, 3u>::Publisher()
                0x08001e4c                Publisher<StaticVector<unsigned char, 500u>, 3u>::Publisher()
 .text._ZSt11make_sharedI8ObserverI12StaticVectorIhLj500EEEJEESt10shared_ptrINSt9enable_ifIXntsrSt8is_arrayIT_E5valueES7_E4typeEEDpOT0_
                0x08001e74       0x1c ./Core/Src/main.o
                0x08001e74                std::shared_ptr<std::enable_if<!std::is_array<Observer<StaticVector<unsigned char, 500u> > >::value, Observer<StaticVector<unsigned char, 500u> > >::type> std::make_shared<Observer<StaticVector<unsigned char, 500u> >>()
 .text._ZNSt10shared_ptrI8ObserverI12StaticVectorIhLj500EEEEaSEOS4_
                0x08001e90       0x26 ./Core/Src/main.o
                0x08001e90                std::shared_ptr<Observer<StaticVector<unsigned char, 500u> > >::operator=(std::shared_ptr<Observer<StaticVector<unsigned char, 500u> > >&&)
 .text._ZNKSt19__shared_ptr_accessI8ObserverI12StaticVectorIhLj500EEELN9__gnu_cxx12_Lock_policyE0ELb0ELb0EEptEv
                0x08001eb6       0x18 ./Core/Src/main.o
                0x08001eb6                std::__shared_ptr_access<Observer<StaticVector<unsigned char, 500u> >, (__gnu_cxx::_Lock_policy)0, false, false>::operator->() const
 .text._ZNSt11_Tuple_implILj0EJP17AbstractInterfaceILj500ELj3EESt12_PlaceholderILi1EEEEC2EOS5_
                0x08001ece       0x24 ./Core/Src/main.o
                0x08001ece                std::_Tuple_impl<0u, AbstractInterface<500u, 3u>*, std::_Placeholder<1> >::_Tuple_impl(std::_Tuple_impl<0u, AbstractInterface<500u, 3u>*, std::_Placeholder<1> >&&)
                0x08001ece                std::_Tuple_impl<0u, AbstractInterface<500u, 3u>*, std::_Placeholder<1> >::_Tuple_impl(std::_Tuple_impl<0u, AbstractInterface<500u, 3u>*, std::_Placeholder<1> >&&)
 .text._ZNSt5tupleIJP17AbstractInterfaceILj500ELj3EESt12_PlaceholderILi1EEEEC2EOS5_
                0x08001ef2       0x20 ./Core/Src/main.o
                0x08001ef2                std::tuple<AbstractInterface<500u, 3u>*, std::_Placeholder<1> >::tuple(std::tuple<AbstractInterface<500u, 3u>*, std::_Placeholder<1> >&&)
                0x08001ef2                std::tuple<AbstractInterface<500u, 3u>*, std::_Placeholder<1> >::tuple(std::tuple<AbstractInterface<500u, 3u>*, std::_Placeholder<1> >&&)
 .text._ZNSt5_BindIFM17AbstractInterfaceILj500ELj3EEFvP12StaticVectorIhLj500EEEPS1_St12_PlaceholderILi1EEEEC2EOSB_
                0x08001f12       0x32 ./Core/Src/main.o
                0x08001f12                std::_Bind<void (AbstractInterface<500u, 3u>::*(AbstractInterface<500u, 3u>*, std::_Placeholder<1>))(StaticVector<unsigned char, 500u>*)>::_Bind(std::_Bind<void (AbstractInterface<500u, 3u>::*(AbstractInterface<500u, 3u>*, std::_Placeholder<1>))(StaticVector<unsigned char, 500u>*)>&&)
                0x08001f12                std::_Bind<void (AbstractInterface<500u, 3u>::*(AbstractInterface<500u, 3u>*, std::_Placeholder<1>))(StaticVector<unsigned char, 500u>*)>::_Bind(std::_Bind<void (AbstractInterface<500u, 3u>::*(AbstractInterface<500u, 3u>*, std::_Placeholder<1>))(StaticVector<unsigned char, 500u>*)>&&)
 .text._ZSt4bindIM17AbstractInterfaceILj500ELj3EEFvP12StaticVectorIhLj500EEEJPS1_RKSt12_PlaceholderILi1EEEENSt12_Bind_helperIXsrSt5__or_IJSt11is_integralINSt5decayIT_E4typeEESt7is_enumISI_EEE5valueESG_JDpT0_EE4typeEOSG_DpOSN_
                0x08001f44       0x38 ./Core/Src/main.o
                0x08001f44                std::_Bind_helper<std::__or_<std::is_integral<std::decay<void (AbstractInterface<500u, 3u>::*)(StaticVector<unsigned char, 500u>*)>::type>, std::is_enum<std::decay<void (AbstractInterface<500u, 3u>::*)(StaticVector<unsigned char, 500u>*)>::type> >::value, void (AbstractInterface<500u, 3u>::*)(StaticVector<unsigned char, 500u>*), AbstractInterface<500u, 3u>*, std::_Placeholder<1> const&>::type std::bind<void (AbstractInterface<500u, 3u>::*)(StaticVector<unsigned char, 500u>*), AbstractInterface<500u, 3u>*, std::_Placeholder<1> const&>(void (AbstractInterface<500u, 3u>::*&&)(StaticVector<unsigned char, 500u>*), AbstractInterface<500u, 3u>*&&, std::_Placeholder<1> const&)
 .text._ZNSt8functionIFvP12StaticVectorIhLj500EEEEC2ISt5_BindIFM17AbstractInterfaceILj500ELj3EEFvS2_EPS8_St12_PlaceholderILi1EEEEvEEOT_
                0x08001f7c       0x60 ./Core/Src/main.o
                0x08001f7c                std::function<void (StaticVector<unsigned char, 500u>*)>::function<std::_Bind<void (AbstractInterface<500u, 3u>::*(AbstractInterface<500u, 3u>*, std::_Placeholder<1>))(StaticVector<unsigned char, 500u>*)>, void>(std::_Bind<void (AbstractInterface<500u, 3u>::*(AbstractInterface<500u, 3u>*, std::_Placeholder<1>))(StaticVector<unsigned char, 500u>*)>&&)
                0x08001f7c                std::function<void (StaticVector<unsigned char, 500u>*)>::function<std::_Bind<void (AbstractInterface<500u, 3u>::*(AbstractInterface<500u, 3u>*, std::_Placeholder<1>))(StaticVector<unsigned char, 500u>*)>, void>(std::_Bind<void (AbstractInterface<500u, 3u>::*(AbstractInterface<500u, 3u>*, std::_Placeholder<1>))(StaticVector<unsigned char, 500u>*)>&&)
 .text._ZN8ObserverI12StaticVectorIhLj500EEE11setCallbackESt8functionIFvPS1_EE
                0x08001fdc       0x1e ./Core/Src/main.o
                0x08001fdc                Observer<StaticVector<unsigned char, 500u> >::setCallback(std::function<void (StaticVector<unsigned char, 500u>*)>)
 .text._ZSt12__miter_baseIPKhET_S2_
                0x08001ffa       0x16 ./Core/Src/main.o
                0x08001ffa                unsigned char const* std::__miter_base<unsigned char const*>(unsigned char const*)
 .text._ZSt13__copy_move_aILb0EPKhPhET1_T0_S4_S3_
                0x08002010       0x46 ./Core/Src/main.o
                0x08002010                unsigned char* std::__copy_move_a<false, unsigned char const*, unsigned char*>(unsigned char const*, unsigned char const*, unsigned char*)
 .text._ZNSt12__shared_ptrI8ObserverIvELN9__gnu_cxx12_Lock_policyE0EEC2ISaIvEJEEESt20_Sp_alloc_shared_tagIT_EDpOT0_
                0x08002056       0x34 ./Core/Src/main.o
                0x08002056                std::__shared_ptr<Observer<void>, (__gnu_cxx::_Lock_policy)0>::__shared_ptr<std::allocator<void>>(std::_Sp_alloc_shared_tag<std::allocator<void> >)
                0x08002056                std::__shared_ptr<Observer<void>, (__gnu_cxx::_Lock_policy)0>::__shared_ptr<std::allocator<void>>(std::_Sp_alloc_shared_tag<std::allocator<void> >)
 .text._ZNSt12__shared_ptrI8ObserverIvELN9__gnu_cxx12_Lock_policyE0EEC2EOS4_
                0x0800208a       0x3c ./Core/Src/main.o
                0x0800208a                std::__shared_ptr<Observer<void>, (__gnu_cxx::_Lock_policy)0>::__shared_ptr(std::__shared_ptr<Observer<void>, (__gnu_cxx::_Lock_policy)0>&&)
                0x0800208a                std::__shared_ptr<Observer<void>, (__gnu_cxx::_Lock_policy)0>::__shared_ptr(std::__shared_ptr<Observer<void>, (__gnu_cxx::_Lock_policy)0>&&)
 .text._ZSt4moveIRSt12__shared_ptrI8ObserverIvELN9__gnu_cxx12_Lock_policyE0EEEONSt16remove_referenceIT_E4typeEOS8_
                0x080020c6       0x16 ./Core/Src/main.o
                0x080020c6                std::remove_reference<std::__shared_ptr<Observer<void>, (__gnu_cxx::_Lock_policy)0>&>::type&& std::move<std::__shared_ptr<Observer<void>, (__gnu_cxx::_Lock_policy)0>&>(std::__shared_ptr<Observer<void>, (__gnu_cxx::_Lock_policy)0>&)
 .text._ZNSt12__shared_ptrI8ObserverIvELN9__gnu_cxx12_Lock_policyE0EE4swapERS4_
                0x080020dc       0x2e ./Core/Src/main.o
                0x080020dc                std::__shared_ptr<Observer<void>, (__gnu_cxx::_Lock_policy)0>::swap(std::__shared_ptr<Observer<void>, (__gnu_cxx::_Lock_policy)0>&)
 .text._ZNKSt12__shared_ptrI8ObserverIvELN9__gnu_cxx12_Lock_policyE0EE3getEv
                0x0800210a       0x18 ./Core/Src/main.o
                0x0800210a                std::__shared_ptr<Observer<void>, (__gnu_cxx::_Lock_policy)0>::get() const
 .text._ZNSt8functionIFvPvEEC2ERKS2_
                0x08002122       0x56 ./Core/Src/main.o
                0x08002122                std::function<void (void*)>::function(std::function<void (void*)> const&)
                0x08002122                std::function<void (void*)>::function(std::function<void (void*)> const&)
 .text._ZNSt8functionIFvPvEE4swapERS2_
                0x08002178       0x42 ./Core/Src/main.o
                0x08002178                std::function<void (void*)>::swap(std::function<void (void*)>&)
 .text._ZSt4moveIRM6WorkerILj1EEFvvEEONSt16remove_referenceIT_E4typeEOS6_
                0x080021ba       0x16 ./Core/Src/main.o
                0x080021ba                std::remove_reference<void (Worker<1u>::*&)()>::type&& std::move<void (Worker<1u>::*&)()>(void (Worker<1u>::*&)())
 .text._ZNSt5tupleIJP6WorkerILj1EEEEC2IJS2_ELb1ELb1EEEDpOT_
                0x080021d0       0x26 ./Core/Src/main.o
                0x080021d0                std::tuple<Worker<1u>*>::tuple<Worker<1u>*, true, true>(Worker<1u>*&&)
                0x080021d0                std::tuple<Worker<1u>*>::tuple<Worker<1u>*, true, true>(Worker<1u>*&&)
 .text._ZNSt14_Function_base13_Base_managerISt5_BindIFM6WorkerILj1EEFvvEPS3_EEE9_M_createIS8_EEvRSt9_Any_dataOT_St17integral_constantIbLb0EE
                0x080021f6       0x38 ./Core/Src/main.o
                0x080021f6                void std::_Function_base::_Base_manager<std::_Bind<void (Worker<1u>::*(Worker<1u>*))()> >::_M_create<std::_Bind<void (Worker<1u>::*(Worker<1u>*))()> >(std::_Any_data&, std::_Bind<void (Worker<1u>::*(Worker<1u>*))()>&&, std::integral_constant<bool, false>)
 .text._ZNSt14_Function_base13_Base_managerISt5_BindIFM6WorkerILj1EEFvvEPS3_EEE14_M_get_pointerERKSt9_Any_data
                0x0800222e       0x1a ./Core/Src/main.o
                0x0800222e                std::_Function_base::_Base_manager<std::_Bind<void (Worker<1u>::*(Worker<1u>*))()> >::_M_get_pointer(std::_Any_data const&)
 .text._ZSt7forwardIPvEOT_RNSt16remove_referenceIS1_E4typeE
                0x08002248       0x16 ./Core/Src/main.o
                0x08002248                void*&& std::forward<void*>(std::remove_reference<void*>::type&)
 .text._ZSt10__invoke_rIvRSt5_BindIFM6WorkerILj1EEFvvEPS2_EEJPvEENSt9enable_ifIXsrSt7is_voidIT_E5valueESC_E4typeEOT0_DpOT1_
                0x0800225e       0x2c ./Core/Src/main.o
                0x0800225e                std::enable_if<std::is_void<void>::value, void>::type std::__invoke_r<void, std::_Bind<void (Worker<1u>::*(Worker<1u>*))()>&, void*>(std::_Bind<void (Worker<1u>::*(Worker<1u>*))()>&, void*&&)
 .text._ZNSt9_Any_data9_M_accessIPSt5_BindIFM6WorkerILj1EEFvvEPS3_EEEERT_v
                0x0800228a       0x18 ./Core/Src/main.o
                0x0800228a                std::_Bind<void (Worker<1u>::*(Worker<1u>*))()>*& std::_Any_data::_M_access<std::_Bind<void (Worker<1u>::*(Worker<1u>*))()>*>()
 *fill*         0x080022a2        0x2 
 .text._ZNSt14_Function_base13_Base_managerISt5_BindIFM6WorkerILj1EEFvvEPS3_EEE10_M_managerERSt9_Any_dataRKSA_St18_Manager_operation
                0x080022a4       0x74 ./Core/Src/main.o
                0x080022a4                std::_Function_base::_Base_manager<std::_Bind<void (Worker<1u>::*(Worker<1u>*))()> >::_M_manager(std::_Any_data&, std::_Any_data const&, std::_Manager_operation)
 .text._ZNSt12__shared_ptrI8ObserverI12StaticVectorIhLj500EEELN9__gnu_cxx12_Lock_policyE0EEC2Ev
                0x08002318       0x22 ./Core/Src/main.o
                0x08002318                std::__shared_ptr<Observer<StaticVector<unsigned char, 500u> >, (__gnu_cxx::_Lock_policy)0>::__shared_ptr()
                0x08002318                std::__shared_ptr<Observer<StaticVector<unsigned char, 500u> >, (__gnu_cxx::_Lock_policy)0>::__shared_ptr()
 .text._ZN12StaticVectorISt10shared_ptrI8ObserverIS_IhLj500EEEELj3EEC2Ev
                0x0800233a       0x34 ./Core/Src/main.o
                0x0800233a                StaticVector<std::shared_ptr<Observer<StaticVector<unsigned char, 500u> > >, 3u>::StaticVector()
                0x0800233a                StaticVector<std::shared_ptr<Observer<StaticVector<unsigned char, 500u> > >, 3u>::StaticVector()
 .text._ZNSt10shared_ptrI8ObserverI12StaticVectorIhLj500EEEEC2ISaIvEJEEESt20_Sp_alloc_shared_tagIT_EDpOT0_
                0x0800236e       0x1e ./Core/Src/main.o
                0x0800236e                std::shared_ptr<Observer<StaticVector<unsigned char, 500u> > >::shared_ptr<std::allocator<void>>(std::_Sp_alloc_shared_tag<std::allocator<void> >)
                0x0800236e                std::shared_ptr<Observer<StaticVector<unsigned char, 500u> > >::shared_ptr<std::allocator<void>>(std::_Sp_alloc_shared_tag<std::allocator<void> >)
 .text._ZSt4moveIRSt10shared_ptrI8ObserverI12StaticVectorIhLj500EEEEEONSt16remove_referenceIT_E4typeEOS8_
                0x0800238c       0x16 ./Core/Src/main.o
                0x0800238c                std::remove_reference<std::shared_ptr<Observer<StaticVector<unsigned char, 500u> > >&>::type&& std::move<std::shared_ptr<Observer<StaticVector<unsigned char, 500u> > >&>(std::shared_ptr<Observer<StaticVector<unsigned char, 500u> > >&)
 .text._ZNSt12__shared_ptrI8ObserverI12StaticVectorIhLj500EEELN9__gnu_cxx12_Lock_policyE0EEaSEOS6_
                0x080023a2       0x3e ./Core/Src/main.o
                0x080023a2                std::__shared_ptr<Observer<StaticVector<unsigned char, 500u> >, (__gnu_cxx::_Lock_policy)0>::operator=(std::__shared_ptr<Observer<StaticVector<unsigned char, 500u> >, (__gnu_cxx::_Lock_policy)0>&&)
 .text._ZNKSt19__shared_ptr_accessI8ObserverI12StaticVectorIhLj500EEELN9__gnu_cxx12_Lock_policyE0ELb0ELb0EE6_M_getEv
                0x080023e0       0x18 ./Core/Src/main.o
                0x080023e0                std::__shared_ptr_access<Observer<StaticVector<unsigned char, 500u> >, (__gnu_cxx::_Lock_policy)0, false, false>::_M_get() const
 .text._ZSt7forwardIM17AbstractInterfaceILj500ELj3EEFvP12StaticVectorIhLj500EEEEOT_RNSt16remove_referenceIS7_E4typeE
                0x080023f8       0x16 ./Core/Src/main.o
                0x080023f8                void (AbstractInterface<500u, 3u>::*&&std::forward<void (AbstractInterface<500u, 3u>::*)(StaticVector<unsigned char, 500u>*)>(std::remove_reference<void (AbstractInterface<500u, 3u>::*)(StaticVector<unsigned char, 500u>*)>::type&))(StaticVector<unsigned char, 500u>*)
 .text._ZSt7forwardIP17AbstractInterfaceILj500ELj3EEEOT_RNSt16remove_referenceIS3_E4typeE
                0x0800240e       0x16 ./Core/Src/main.o
                0x0800240e                AbstractInterface<500u, 3u>*&& std::forward<AbstractInterface<500u, 3u>*>(std::remove_reference<AbstractInterface<500u, 3u>*>::type&)
 .text._ZSt7forwardIRKSt12_PlaceholderILi1EEEOT_RNSt16remove_referenceIS4_E4typeE
                0x08002424       0x16 ./Core/Src/main.o
                0x08002424                std::_Placeholder<1> const& std::forward<std::_Placeholder<1> const&>(std::remove_reference<std::_Placeholder<1> const&>::type&)
 .text._ZNSt5_BindIFM17AbstractInterfaceILj500ELj3EEFvP12StaticVectorIhLj500EEEPS1_St12_PlaceholderILi1EEEEC2IJS7_RKS9_EEEOS6_DpOT_
                0x0800243a       0x4a ./Core/Src/main.o
                0x0800243a                std::_Bind<void (AbstractInterface<500u, 3u>::*(AbstractInterface<500u, 3u>*, std::_Placeholder<1>))(StaticVector<unsigned char, 500u>*)>::_Bind<AbstractInterface<500u, 3u>*, std::_Placeholder<1> const&>(void (AbstractInterface<500u, 3u>::*&&)(StaticVector<unsigned char, 500u>*), AbstractInterface<500u, 3u>*&&, std::_Placeholder<1> const&)
                0x0800243a                std::_Bind<void (AbstractInterface<500u, 3u>::*(AbstractInterface<500u, 3u>*, std::_Placeholder<1>))(StaticVector<unsigned char, 500u>*)>::_Bind<AbstractInterface<500u, 3u>*, std::_Placeholder<1> const&>(void (AbstractInterface<500u, 3u>::*&&)(StaticVector<unsigned char, 500u>*), AbstractInterface<500u, 3u>*&&, std::_Placeholder<1> const&)
 .text._ZNSt11_Tuple_implILj1EJSt12_PlaceholderILi1EEEEC2EOS2_
                0x08002484       0x18 ./Core/Src/main.o
                0x08002484                std::_Tuple_impl<1u, std::_Placeholder<1> >::_Tuple_impl(std::_Tuple_impl<1u, std::_Placeholder<1> >&&)
                0x08002484                std::_Tuple_impl<1u, std::_Placeholder<1> >::_Tuple_impl(std::_Tuple_impl<1u, std::_Placeholder<1> >&&)
 .text._ZNSt14_Function_base13_Base_managerISt5_BindIFM17AbstractInterfaceILj500ELj3EEFvP12StaticVectorIhLj500EEEPS3_St12_PlaceholderILi1EEEEE21_M_not_empty_functionISD_EEbRKT_
                0x0800249c       0x16 ./Core/Src/main.o
                0x0800249c                bool std::_Function_base::_Base_manager<std::_Bind<void (AbstractInterface<500u, 3u>::*(AbstractInterface<500u, 3u>*, std::_Placeholder<1>))(StaticVector<unsigned char, 500u>*)> >::_M_not_empty_function<std::_Bind<void (AbstractInterface<500u, 3u>::*(AbstractInterface<500u, 3u>*, std::_Placeholder<1>))(StaticVector<unsigned char, 500u>*)> >(std::_Bind<void (AbstractInterface<500u, 3u>::*(AbstractInterface<500u, 3u>*, std::_Placeholder<1>))(StaticVector<unsigned char, 500u>*)> const&)
 .text._ZSt7forwardISt5_BindIFM17AbstractInterfaceILj500ELj3EEFvP12StaticVectorIhLj500EEEPS2_St12_PlaceholderILi1EEEEEOT_RNSt16remove_referenceISD_E4typeE
                0x080024b2       0x16 ./Core/Src/main.o
                0x080024b2                std::_Bind<void (AbstractInterface<500u, 3u>::*(AbstractInterface<500u, 3u>*, std::_Placeholder<1>))(StaticVector<unsigned char, 500u>*)>&& std::forward<std::_Bind<void (AbstractInterface<500u, 3u>::*(AbstractInterface<500u, 3u>*, std::_Placeholder<1>))(StaticVector<unsigned char, 500u>*)> >(std::remove_reference<std::_Bind<void (AbstractInterface<500u, 3u>::*(AbstractInterface<500u, 3u>*, std::_Placeholder<1>))(StaticVector<unsigned char, 500u>*)> >::type&)
 .text._ZNSt14_Function_base13_Base_managerISt5_BindIFM17AbstractInterfaceILj500ELj3EEFvP12StaticVectorIhLj500EEEPS3_St12_PlaceholderILi1EEEEE15_M_init_functorISD_EEvRSt9_Any_dataOT_
                0x080024c8       0x24 ./Core/Src/main.o
                0x080024c8                void std::_Function_base::_Base_manager<std::_Bind<void (AbstractInterface<500u, 3u>::*(AbstractInterface<500u, 3u>*, std::_Placeholder<1>))(StaticVector<unsigned char, 500u>*)> >::_M_init_functor<std::_Bind<void (AbstractInterface<500u, 3u>::*(AbstractInterface<500u, 3u>*, std::_Placeholder<1>))(StaticVector<unsigned char, 500u>*)> >(std::_Any_data&, std::_Bind<void (AbstractInterface<500u, 3u>::*(AbstractInterface<500u, 3u>*, std::_Placeholder<1>))(StaticVector<unsigned char, 500u>*)>&&)
 .text._ZNSt17_Function_handlerIFvP12StaticVectorIhLj500EEESt5_BindIFM17AbstractInterfaceILj500ELj3EEFvS2_EPS6_St12_PlaceholderILi1EEEEE9_M_invokeERKSt9_Any_dataOS2_
                0x080024ec       0x2a ./Core/Src/main.o
                0x080024ec                std::_Function_handler<void (StaticVector<unsigned char, 500u>*), std::_Bind<void (AbstractInterface<500u, 3u>::*(AbstractInterface<500u, 3u>*, std::_Placeholder<1>))(StaticVector<unsigned char, 500u>*)> >::_M_invoke(std::_Any_data const&, StaticVector<unsigned char, 500u>*&&)
 .text._ZNSt17_Function_handlerIFvP12StaticVectorIhLj500EEESt5_BindIFM17AbstractInterfaceILj500ELj3EEFvS2_EPS6_St12_PlaceholderILi1EEEEE10_M_managerERSt9_Any_dataRKSF_St18_Manager_operation
                0x08002516       0x3e ./Core/Src/main.o
                0x08002516                std::_Function_handler<void (StaticVector<unsigned char, 500u>*), std::_Bind<void (AbstractInterface<500u, 3u>::*(AbstractInterface<500u, 3u>*, std::_Placeholder<1>))(StaticVector<unsigned char, 500u>*)> >::_M_manager(std::_Any_data&, std::_Any_data const&, std::_Manager_operation)
 .text._ZNKSt8functionIFvP12StaticVectorIhLj500EEEEcvbEv
                0x08002554       0x20 ./Core/Src/main.o
                0x08002554                std::function<void (StaticVector<unsigned char, 500u>*)>::operator bool() const
 .text._ZNSt8functionIFvP12StaticVectorIhLj500EEEEaSERKS4_
                0x08002574       0x36 ./Core/Src/main.o
                0x08002574                std::function<void (StaticVector<unsigned char, 500u>*)>::operator=(std::function<void (StaticVector<unsigned char, 500u>*)> const&)
 .text._ZSt12__niter_baseIPKhET_S2_
                0x080025aa       0x16 ./Core/Src/main.o
                0x080025aa                unsigned char const* std::__niter_base<unsigned char const*>(unsigned char const*)
 .text._ZSt12__niter_baseIPhET_S1_
                0x080025c0       0x16 ./Core/Src/main.o
                0x080025c0                unsigned char* std::__niter_base<unsigned char*>(unsigned char*)
 .text._ZSt14__copy_move_a1ILb0EPKhPhET1_T0_S4_S3_
                0x080025d6       0x20 ./Core/Src/main.o
                0x080025d6                unsigned char* std::__copy_move_a1<false, unsigned char const*, unsigned char*>(unsigned char const*, unsigned char const*, unsigned char*)
 .text._ZSt12__niter_wrapIPhET_RKS1_S1_
                0x080025f6       0x18 ./Core/Src/main.o
                0x080025f6                unsigned char* std::__niter_wrap<unsigned char*>(unsigned char* const&, unsigned char*)
 .text._ZNSt14__shared_countILN9__gnu_cxx12_Lock_policyE0EEC2I8ObserverIvESaIvEJEEERPT_St20_Sp_alloc_shared_tagIT0_EDpOT1_
                0x0800260e       0x84 ./Core/Src/main.o
                0x0800260e                std::__shared_count<(__gnu_cxx::_Lock_policy)0>::__shared_count<Observer<void>, std::allocator<void>>(Observer<void>*&, std::_Sp_alloc_shared_tag<std::allocator<void> >)
                0x0800260e                std::__shared_count<(__gnu_cxx::_Lock_policy)0>::__shared_count<Observer<void>, std::allocator<void>>(Observer<void>*&, std::_Sp_alloc_shared_tag<std::allocator<void> >)
 .text._ZNSt12__shared_ptrI8ObserverIvELN9__gnu_cxx12_Lock_policyE0EE31_M_enable_shared_from_this_withIS1_S1_EENSt9enable_ifIXntsrNS4_15__has_esft_baseIT0_vEE5valueEvE4typeEPT_
                0x08002692       0x16 ./Core/Src/main.o
                0x08002692                std::enable_if<!std::__shared_ptr<Observer<void>, (__gnu_cxx::_Lock_policy)0>::__has_esft_base<Observer<void>, void>::value, void>::type std::__shared_ptr<Observer<void>, (__gnu_cxx::_Lock_policy)0>::_M_enable_shared_from_this_with<Observer<void>, Observer<void> >(Observer<void>*)
 .text._ZNSt14__shared_countILN9__gnu_cxx12_Lock_policyE0EE7_M_swapERS2_
                0x080026a8       0x2a ./Core/Src/main.o
                0x080026a8                std::__shared_count<(__gnu_cxx::_Lock_policy)0>::_M_swap(std::__shared_count<(__gnu_cxx::_Lock_policy)0>&)
 .text._ZSt4swapIP8ObserverIvEENSt9enable_ifIXsrSt6__and_IJSt6__not_ISt15__is_tuple_likeIT_EESt21is_move_constructibleIS7_ESt18is_move_assignableIS7_EEE5valueEvE4typeERS7_SH_
                0x080026d2       0x3e ./Core/Src/main.o
                0x080026d2                std::enable_if<std::__and_<std::__not_<std::__is_tuple_like<Observer<void>*> >, std::is_move_constructible<Observer<void>*>, std::is_move_assignable<Observer<void>*> >::value, void>::type std::swap<Observer<void>*>(Observer<void>*&, Observer<void>*&)
 .text._ZSt4swapISt9_Any_dataENSt9enable_ifIXsrSt6__and_IJSt6__not_ISt15__is_tuple_likeIT_EESt21is_move_constructibleIS5_ESt18is_move_assignableIS5_EEE5valueEvE4typeERS5_SF_
                0x08002710       0x4e ./Core/Src/main.o
                0x08002710                std::enable_if<std::__and_<std::__not_<std::__is_tuple_like<std::_Any_data> >, std::is_move_constructible<std::_Any_data>, std::is_move_assignable<std::_Any_data> >::value, void>::type std::swap<std::_Any_data>(std::_Any_data&, std::_Any_data&)
 .text._ZSt4swapIPFbRSt9_Any_dataRKS0_St18_Manager_operationEENSt9enable_ifIXsrSt6__and_IJSt6__not_ISt15__is_tuple_likeIT_EESt21is_move_constructibleISB_ESt18is_move_assignableISB_EEE5valueEvE4typeERSB_SL_
                0x0800275e       0x3e ./Core/Src/main.o
                0x0800275e                std::enable_if<std::__and_<std::__not_<std::__is_tuple_like<bool (*)(std::_Any_data&, std::_Any_data const&, std::_Manager_operation)> >, std::is_move_constructible<bool (*)(std::_Any_data&, std::_Any_data const&, std::_Manager_operation)>, std::is_move_assignable<bool (*)(std::_Any_data&, std::_Any_data const&, std::_Manager_operation)> >::value, void>::type std::swap<bool (*)(std::_Any_data&, std::_Any_data const&, std::_Manager_operation)>(bool (*&)(std::_Any_data&, std::_Any_data const&, std::_Manager_operation), bool (*&)(std::_Any_data&, std::_Any_data const&, std::_Manager_operation))
 .text._ZSt4swapIPFvRKSt9_Any_dataOPvEENSt9enable_ifIXsrSt6__and_IJSt6__not_ISt15__is_tuple_likeIT_EESt21is_move_constructibleISB_ESt18is_move_assignableISB_EEE5valueEvE4typeERSB_SL_
                0x0800279c       0x3e ./Core/Src/main.o
                0x0800279c                std::enable_if<std::__and_<std::__not_<std::__is_tuple_like<void (*)(std::_Any_data const&, void*&&)> >, std::is_move_constructible<void (*)(std::_Any_data const&, void*&&)>, std::is_move_assignable<void (*)(std::_Any_data const&, void*&&)> >::value, void>::type std::swap<void (*)(std::_Any_data const&, void*&&)>(void (*&)(std::_Any_data const&, void*&&), void (*&)(std::_Any_data const&, void*&&))
 .text._ZNSt11_Tuple_implILj0EJP6WorkerILj1EEEEC2IS2_EEOT_
                0x080027da       0x26 ./Core/Src/main.o
                0x080027da                std::_Tuple_impl<0u, Worker<1u>*>::_Tuple_impl<Worker<1u>*>(Worker<1u>*&&)
                0x080027da                std::_Tuple_impl<0u, Worker<1u>*>::_Tuple_impl<Worker<1u>*>(Worker<1u>*&&)
 .text._ZNKSt9_Any_data9_M_accessIPSt5_BindIFM6WorkerILj1EEFvvEPS3_EEEERKT_v
                0x08002800       0x18 ./Core/Src/main.o
                0x08002800                std::_Bind<void (Worker<1u>::*(Worker<1u>*))()>* const& std::_Any_data::_M_access<std::_Bind<void (Worker<1u>::*(Worker<1u>*))()>*>() const
 .text._ZSt7forwardIRSt5_BindIFM6WorkerILj1EEFvvEPS2_EEEOT_RNSt16remove_referenceIS9_E4typeE
                0x08002818       0x16 ./Core/Src/main.o
                0x08002818                std::_Bind<void (Worker<1u>::*(Worker<1u>*))()>& std::forward<std::_Bind<void (Worker<1u>::*(Worker<1u>*))()>&>(std::remove_reference<std::_Bind<void (Worker<1u>::*(Worker<1u>*))()>&>::type&)
 .text._ZSt13__invoke_implIvRSt5_BindIFM6WorkerILj1EEFvvEPS2_EEJPvEET_St14__invoke_otherOT0_DpOT1_
                0x0800282e       0x2c ./Core/Src/main.o
                0x0800282e                void std::__invoke_impl<void, std::_Bind<void (Worker<1u>::*(Worker<1u>*))()>&, void*>(std::__invoke_other, std::_Bind<void (Worker<1u>::*(Worker<1u>*))()>&, void*&&)
 .text._ZNSt9_Any_data9_M_accessIPKSt9type_infoEERT_v
                0x0800285a       0x18 ./Core/Src/main.o
                0x0800285a                std::type_info const*& std::_Any_data::_M_access<std::type_info const*>()
 .text._ZNSt14_Function_base13_Base_managerISt5_BindIFM6WorkerILj1EEFvvEPS3_EEE15_M_init_functorIRKS8_EEvRSt9_Any_dataOT_
                0x08002872       0x24 ./Core/Src/main.o
                0x08002872                void std::_Function_base::_Base_manager<std::_Bind<void (Worker<1u>::*(Worker<1u>*))()> >::_M_init_functor<std::_Bind<void (Worker<1u>::*(Worker<1u>*))()> const&>(std::_Any_data&, std::_Bind<void (Worker<1u>::*(Worker<1u>*))()> const&)
 .text._ZNSt14_Function_base13_Base_managerISt5_BindIFM6WorkerILj1EEFvvEPS3_EEE10_M_destroyERSt9_Any_dataSt17integral_constantIbLb0EE
                0x08002896       0x28 ./Core/Src/main.o
                0x08002896                std::_Function_base::_Base_manager<std::_Bind<void (Worker<1u>::*(Worker<1u>*))()> >::_M_destroy(std::_Any_data&, std::integral_constant<bool, false>)
 .text._ZNSt12__shared_ptrI8ObserverI12StaticVectorIhLj500EEELN9__gnu_cxx12_Lock_policyE0EEC2ISaIvEJEEESt20_Sp_alloc_shared_tagIT_EDpOT0_
                0x080028be       0x34 ./Core/Src/main.o
                0x080028be                std::__shared_ptr<Observer<StaticVector<unsigned char, 500u> >, (__gnu_cxx::_Lock_policy)0>::__shared_ptr<std::allocator<void>>(std::_Sp_alloc_shared_tag<std::allocator<void> >)
                0x080028be                std::__shared_ptr<Observer<StaticVector<unsigned char, 500u> >, (__gnu_cxx::_Lock_policy)0>::__shared_ptr<std::allocator<void>>(std::_Sp_alloc_shared_tag<std::allocator<void> >)
 .text._ZNSt12__shared_ptrI8ObserverI12StaticVectorIhLj500EEELN9__gnu_cxx12_Lock_policyE0EEC2EOS6_
                0x080028f2       0x3c ./Core/Src/main.o
                0x080028f2                std::__shared_ptr<Observer<StaticVector<unsigned char, 500u> >, (__gnu_cxx::_Lock_policy)0>::__shared_ptr(std::__shared_ptr<Observer<StaticVector<unsigned char, 500u> >, (__gnu_cxx::_Lock_policy)0>&&)
                0x080028f2                std::__shared_ptr<Observer<StaticVector<unsigned char, 500u> >, (__gnu_cxx::_Lock_policy)0>::__shared_ptr(std::__shared_ptr<Observer<StaticVector<unsigned char, 500u> >, (__gnu_cxx::_Lock_policy)0>&&)
 .text._ZSt4moveIRSt12__shared_ptrI8ObserverI12StaticVectorIhLj500EEELN9__gnu_cxx12_Lock_policyE0EEEONSt16remove_referenceIT_E4typeEOSA_
                0x0800292e       0x16 ./Core/Src/main.o
                0x0800292e                std::remove_reference<std::__shared_ptr<Observer<StaticVector<unsigned char, 500u> >, (__gnu_cxx::_Lock_policy)0>&>::type&& std::move<std::__shared_ptr<Observer<StaticVector<unsigned char, 500u> >, (__gnu_cxx::_Lock_policy)0>&>(std::__shared_ptr<Observer<StaticVector<unsigned char, 500u> >, (__gnu_cxx::_Lock_policy)0>&)
 .text._ZNSt12__shared_ptrI8ObserverI12StaticVectorIhLj500EEELN9__gnu_cxx12_Lock_policyE0EE4swapERS6_
                0x08002944       0x2e ./Core/Src/main.o
                0x08002944                std::__shared_ptr<Observer<StaticVector<unsigned char, 500u> >, (__gnu_cxx::_Lock_policy)0>::swap(std::__shared_ptr<Observer<StaticVector<unsigned char, 500u> >, (__gnu_cxx::_Lock_policy)0>&)
 .text._ZNKSt12__shared_ptrI8ObserverI12StaticVectorIhLj500EEELN9__gnu_cxx12_Lock_policyE0EE3getEv
                0x08002972       0x18 ./Core/Src/main.o
                0x08002972                std::__shared_ptr<Observer<StaticVector<unsigned char, 500u> >, (__gnu_cxx::_Lock_policy)0>::get() const
 .text._ZSt4moveIRM17AbstractInterfaceILj500ELj3EEFvP12StaticVectorIhLj500EEEEONSt16remove_referenceIT_E4typeEOS9_
                0x0800298a       0x16 ./Core/Src/main.o
                0x0800298a                std::remove_reference<void (AbstractInterface<500u, 3u>::*&)(StaticVector<unsigned char, 500u>*)>::type&& std::move<void (AbstractInterface<500u, 3u>::*&)(StaticVector<unsigned char, 500u>*)>(void (AbstractInterface<500u, 3u>::*&)(StaticVector<unsigned char, 500u>*))
 .text._ZNSt5tupleIJP17AbstractInterfaceILj500ELj3EESt12_PlaceholderILi1EEEEC2IS2_RKS4_Lb1EEEOT_OT0_
                0x080029a0       0x32 ./Core/Src/main.o
                0x080029a0                std::tuple<AbstractInterface<500u, 3u>*, std::_Placeholder<1> >::tuple<AbstractInterface<500u, 3u>*, std::_Placeholder<1> const&, true>(AbstractInterface<500u, 3u>*&&, std::_Placeholder<1> const&)
                0x080029a0                std::tuple<AbstractInterface<500u, 3u>*, std::_Placeholder<1> >::tuple<AbstractInterface<500u, 3u>*, std::_Placeholder<1> const&, true>(AbstractInterface<500u, 3u>*&&, std::_Placeholder<1> const&)
 .text._ZNSt14_Function_base13_Base_managerISt5_BindIFM17AbstractInterfaceILj500ELj3EEFvP12StaticVectorIhLj500EEEPS3_St12_PlaceholderILi1EEEEE9_M_createISD_EEvRSt9_Any_dataOT_St17integral_constantIbLb0EE
                0x080029d2       0x38 ./Core/Src/main.o
                0x080029d2                void std::_Function_base::_Base_manager<std::_Bind<void (AbstractInterface<500u, 3u>::*(AbstractInterface<500u, 3u>*, std::_Placeholder<1>))(StaticVector<unsigned char, 500u>*)> >::_M_create<std::_Bind<void (AbstractInterface<500u, 3u>::*(AbstractInterface<500u, 3u>*, std::_Placeholder<1>))(StaticVector<unsigned char, 500u>*)> >(std::_Any_data&, std::_Bind<void (AbstractInterface<500u, 3u>::*(AbstractInterface<500u, 3u>*, std::_Placeholder<1>))(StaticVector<unsigned char, 500u>*)>&&, std::integral_constant<bool, false>)
 .text._ZNSt14_Function_base13_Base_managerISt5_BindIFM17AbstractInterfaceILj500ELj3EEFvP12StaticVectorIhLj500EEEPS3_St12_PlaceholderILi1EEEEE14_M_get_pointerERKSt9_Any_data
                0x08002a0a       0x1a ./Core/Src/main.o
                0x08002a0a                std::_Function_base::_Base_manager<std::_Bind<void (AbstractInterface<500u, 3u>::*(AbstractInterface<500u, 3u>*, std::_Placeholder<1>))(StaticVector<unsigned char, 500u>*)> >::_M_get_pointer(std::_Any_data const&)
 .text._ZSt7forwardIP12StaticVectorIhLj500EEEOT_RNSt16remove_referenceIS3_E4typeE
                0x08002a24       0x16 ./Core/Src/main.o
                0x08002a24                StaticVector<unsigned char, 500u>*&& std::forward<StaticVector<unsigned char, 500u>*>(std::remove_reference<StaticVector<unsigned char, 500u>*>::type&)
 .text._ZSt10__invoke_rIvRSt5_BindIFM17AbstractInterfaceILj500ELj3EEFvP12StaticVectorIhLj500EEEPS2_St12_PlaceholderILi1EEEEJS5_EENSt9enable_ifIXsrSt7is_voidIT_E5valueESG_E4typeEOT0_DpOT1_
                0x08002a3a       0x2c ./Core/Src/main.o
                0x08002a3a                std::enable_if<std::is_void<void>::value, void>::type std::__invoke_r<void, std::_Bind<void (AbstractInterface<500u, 3u>::*(AbstractInterface<500u, 3u>*, std::_Placeholder<1>))(StaticVector<unsigned char, 500u>*)>&, StaticVector<unsigned char, 500u>*>(std::_Bind<void (AbstractInterface<500u, 3u>::*(AbstractInterface<500u, 3u>*, std::_Placeholder<1>))(StaticVector<unsigned char, 500u>*)>&, StaticVector<unsigned char, 500u>*&&)
 .text._ZNSt9_Any_data9_M_accessIPSt5_BindIFM17AbstractInterfaceILj500ELj3EEFvP12StaticVectorIhLj500EEEPS3_St12_PlaceholderILi1EEEEEERT_v
                0x08002a66       0x18 ./Core/Src/main.o
                0x08002a66                std::_Bind<void (AbstractInterface<500u, 3u>::*(AbstractInterface<500u, 3u>*, std::_Placeholder<1>))(StaticVector<unsigned char, 500u>*)>*& std::_Any_data::_M_access<std::_Bind<void (AbstractInterface<500u, 3u>::*(AbstractInterface<500u, 3u>*, std::_Placeholder<1>))(StaticVector<unsigned char, 500u>*)>*>()
 *fill*         0x08002a7e        0x2 
 .text._ZNSt14_Function_base13_Base_managerISt5_BindIFM17AbstractInterfaceILj500ELj3EEFvP12StaticVectorIhLj500EEEPS3_St12_PlaceholderILi1EEEEE10_M_managerERSt9_Any_dataRKSF_St18_Manager_operation
                0x08002a80       0x74 ./Core/Src/main.o
                0x08002a80                std::_Function_base::_Base_manager<std::_Bind<void (AbstractInterface<500u, 3u>::*(AbstractInterface<500u, 3u>*, std::_Placeholder<1>))(StaticVector<unsigned char, 500u>*)> >::_M_manager(std::_Any_data&, std::_Any_data const&, std::_Manager_operation)
 .text._ZNSt8functionIFvP12StaticVectorIhLj500EEEEC2ERKS4_
                0x08002af4       0x56 ./Core/Src/main.o
                0x08002af4                std::function<void (StaticVector<unsigned char, 500u>*)>::function(std::function<void (StaticVector<unsigned char, 500u>*)> const&)
                0x08002af4                std::function<void (StaticVector<unsigned char, 500u>*)>::function(std::function<void (StaticVector<unsigned char, 500u>*)> const&)
 .text._ZNSt8functionIFvP12StaticVectorIhLj500EEEE4swapERS4_
                0x08002b4a       0x42 ./Core/Src/main.o
                0x08002b4a                std::function<void (StaticVector<unsigned char, 500u>*)>::swap(std::function<void (StaticVector<unsigned char, 500u>*)>&)
 .text._ZSt14__copy_move_a2ILb0EPKhPhET1_T0_S4_S3_
                0x08002b8c       0x20 ./Core/Src/main.o
                0x08002b8c                unsigned char* std::__copy_move_a2<false, unsigned char const*, unsigned char*>(unsigned char const*, unsigned char const*, unsigned char*)
 .text._ZSt18__allocate_guardedISaISt23_Sp_counted_ptr_inplaceI8ObserverIvESaIvELN9__gnu_cxx12_Lock_policyE0EEEESt15__allocated_ptrIT_ERS9_
                0x08002bac       0x32 ./Core/Src/main.o
                0x08002bac                std::__allocated_ptr<std::allocator<std::_Sp_counted_ptr_inplace<Observer<void>, std::allocator<void>, (__gnu_cxx::_Lock_policy)0> > > std::__allocate_guarded<std::allocator<std::_Sp_counted_ptr_inplace<Observer<void>, std::allocator<void>, (__gnu_cxx::_Lock_policy)0> > >(std::allocator<std::_Sp_counted_ptr_inplace<Observer<void>, std::allocator<void>, (__gnu_cxx::_Lock_policy)0> >&)
 .text._ZNSt15__allocated_ptrISaISt23_Sp_counted_ptr_inplaceI8ObserverIvESaIvELN9__gnu_cxx12_Lock_policyE0EEEED2Ev
                0x08002bde       0x36 ./Core/Src/main.o
                0x08002bde                std::__allocated_ptr<std::allocator<std::_Sp_counted_ptr_inplace<Observer<void>, std::allocator<void>, (__gnu_cxx::_Lock_policy)0> > >::~__allocated_ptr()
                0x08002bde                std::__allocated_ptr<std::allocator<std::_Sp_counted_ptr_inplace<Observer<void>, std::allocator<void>, (__gnu_cxx::_Lock_policy)0> > >::~__allocated_ptr()
 .text._ZNSt15__allocated_ptrISaISt23_Sp_counted_ptr_inplaceI8ObserverIvESaIvELN9__gnu_cxx12_Lock_policyE0EEEE3getEv
                0x08002c14       0x1c ./Core/Src/main.o
                0x08002c14                std::__allocated_ptr<std::allocator<std::_Sp_counted_ptr_inplace<Observer<void>, std::allocator<void>, (__gnu_cxx::_Lock_policy)0> > >::get()
 .text._ZNSt23_Sp_counted_ptr_inplaceI8ObserverIvESaIvELN9__gnu_cxx12_Lock_policyE0EEC2IJEEES2_DpOT_
                0x08002c30       0x44 ./Core/Src/main.o
                0x08002c30                std::_Sp_counted_ptr_inplace<Observer<void>, std::allocator<void>, (__gnu_cxx::_Lock_policy)0>::_Sp_counted_ptr_inplace<>(std::allocator<void>)
                0x08002c30                std::_Sp_counted_ptr_inplace<Observer<void>, std::allocator<void>, (__gnu_cxx::_Lock_policy)0>::_Sp_counted_ptr_inplace<>(std::allocator<void>)
 .text._ZNSt15__allocated_ptrISaISt23_Sp_counted_ptr_inplaceI8ObserverIvESaIvELN9__gnu_cxx12_Lock_policyE0EEEEaSEDn
                0x08002c74       0x1e ./Core/Src/main.o
                0x08002c74                std::__allocated_ptr<std::allocator<std::_Sp_counted_ptr_inplace<Observer<void>, std::allocator<void>, (__gnu_cxx::_Lock_policy)0> > >::operator=(decltype(nullptr))
 .text._ZNSt23_Sp_counted_ptr_inplaceI8ObserverIvESaIvELN9__gnu_cxx12_Lock_policyE0EE6_M_ptrEv
                0x08002c92       0x1c ./Core/Src/main.o
                0x08002c92                std::_Sp_counted_ptr_inplace<Observer<void>, std::allocator<void>, (__gnu_cxx::_Lock_policy)0>::_M_ptr()
 .text._ZSt4moveIRP8ObserverIvEEONSt16remove_referenceIT_E4typeEOS5_
                0x08002cae       0x16 ./Core/Src/main.o
                0x08002cae                std::remove_reference<Observer<void>*&>::type&& std::move<Observer<void>*&>(Observer<void>*&)
 .text._ZSt4moveIRSt9_Any_dataEONSt16remove_referenceIT_E4typeEOS3_
                0x08002cc4       0x16 ./Core/Src/main.o
                0x08002cc4                std::remove_reference<std::_Any_data&>::type&& std::move<std::_Any_data&>(std::_Any_data&)
 .text._ZSt4moveIRPFbRSt9_Any_dataRKS0_St18_Manager_operationEEONSt16remove_referenceIT_E4typeEOS9_
                0x08002cda       0x16 ./Core/Src/main.o
                0x08002cda                std::remove_reference<bool (*&)(std::_Any_data&, std::_Any_data const&, std::_Manager_operation)>::type&& std::move<bool (*&)(std::_Any_data&, std::_Any_data const&, std::_Manager_operation)>(bool (*&)(std::_Any_data&, std::_Any_data const&, std::_Manager_operation))
 .text._ZSt4moveIRPFvRKSt9_Any_dataOPvEEONSt16remove_referenceIT_E4typeEOS9_
                0x08002cf0       0x16 ./Core/Src/main.o
                0x08002cf0                std::remove_reference<void (*&)(std::_Any_data const&, void*&&)>::type&& std::move<void (*&)(std::_Any_data const&, void*&&)>(void (*&)(std::_Any_data const&, void*&&))
 .text._ZNSt10_Head_baseILj0EP6WorkerILj1EELb0EEC2IS2_EEOT_
                0x08002d06       0x22 ./Core/Src/main.o
                0x08002d06                std::_Head_base<0u, Worker<1u>*, false>::_Head_base<Worker<1u>*>(Worker<1u>*&&)
                0x08002d06                std::_Head_base<0u, Worker<1u>*, false>::_Head_base<Worker<1u>*>(Worker<1u>*&&)
 .text._ZNSt5_BindIFM6WorkerILj1EEFvvEPS1_EEclIJPvEvEET0_DpOT_
                0x08002d28       0x34 ./Core/Src/main.o
                0x08002d28                void std::_Bind<void (Worker<1u>::*(Worker<1u>*))()>::operator()<void*, void>(void*&&)
 .text._ZSt7forwardIRKSt5_BindIFM6WorkerILj1EEFvvEPS2_EEEOT_RNSt16remove_referenceISA_E4typeE
                0x08002d5c       0x16 ./Core/Src/main.o
                0x08002d5c                std::_Bind<void (Worker<1u>::*(Worker<1u>*))()> const& std::forward<std::_Bind<void (Worker<1u>::*(Worker<1u>*))()> const&>(std::remove_reference<std::_Bind<void (Worker<1u>::*(Worker<1u>*))()> const&>::type&)
 .text._ZNSt14_Function_base13_Base_managerISt5_BindIFM6WorkerILj1EEFvvEPS3_EEE9_M_createIRKS8_EEvRSt9_Any_dataOT_St17integral_constantIbLb0EE
                0x08002d72       0x38 ./Core/Src/main.o
                0x08002d72                void std::_Function_base::_Base_manager<std::_Bind<void (Worker<1u>::*(Worker<1u>*))()> >::_M_create<std::_Bind<void (Worker<1u>::*(Worker<1u>*))()> const&>(std::_Any_data&, std::_Bind<void (Worker<1u>::*(Worker<1u>*))()> const&, std::integral_constant<bool, false>)
 .text._ZNSt14__shared_countILN9__gnu_cxx12_Lock_policyE0EEC2I8ObserverI12StaticVectorIhLj500EEESaIvEJEEERPT_St20_Sp_alloc_shared_tagIT0_EDpOT1_
                0x08002daa       0x84 ./Core/Src/main.o
                0x08002daa                std::__shared_count<(__gnu_cxx::_Lock_policy)0>::__shared_count<Observer<StaticVector<unsigned char, 500u> >, std::allocator<void>>(Observer<StaticVector<unsigned char, 500u> >*&, std::_Sp_alloc_shared_tag<std::allocator<void> >)
                0x08002daa                std::__shared_count<(__gnu_cxx::_Lock_policy)0>::__shared_count<Observer<StaticVector<unsigned char, 500u> >, std::allocator<void>>(Observer<StaticVector<unsigned char, 500u> >*&, std::_Sp_alloc_shared_tag<std::allocator<void> >)
 .text._ZNSt12__shared_ptrI8ObserverI12StaticVectorIhLj500EEELN9__gnu_cxx12_Lock_policyE0EE31_M_enable_shared_from_this_withIS3_S3_EENSt9enable_ifIXntsrNS6_15__has_esft_baseIT0_vEE5valueEvE4typeEPT_
                0x08002e2e       0x16 ./Core/Src/main.o
                0x08002e2e                std::enable_if<!std::__shared_ptr<Observer<StaticVector<unsigned char, 500u> >, (__gnu_cxx::_Lock_policy)0>::__has_esft_base<Observer<StaticVector<unsigned char, 500u> >, void>::value, void>::type std::__shared_ptr<Observer<StaticVector<unsigned char, 500u> >, (__gnu_cxx::_Lock_policy)0>::_M_enable_shared_from_this_with<Observer<StaticVector<unsigned char, 500u> >, Observer<StaticVector<unsigned char, 500u> > >(Observer<StaticVector<unsigned char, 500u> >*)
 .text._ZSt4swapIP8ObserverI12StaticVectorIhLj500EEEENSt9enable_ifIXsrSt6__and_IJSt6__not_ISt15__is_tuple_likeIT_EESt21is_move_constructibleIS9_ESt18is_move_assignableIS9_EEE5valueEvE4typeERS9_SJ_
                0x08002e44       0x3e ./Core/Src/main.o
                0x08002e44                std::enable_if<std::__and_<std::__not_<std::__is_tuple_like<Observer<StaticVector<unsigned char, 500u> >*> >, std::is_move_constructible<Observer<StaticVector<unsigned char, 500u> >*>, std::is_move_assignable<Observer<StaticVector<unsigned char, 500u> >*> >::value, void>::type std::swap<Observer<StaticVector<unsigned char, 500u> >*>(Observer<StaticVector<unsigned char, 500u> >*&, Observer<StaticVector<unsigned char, 500u> >*&)
 .text._ZNSt11_Tuple_implILj0EJP17AbstractInterfaceILj500ELj3EESt12_PlaceholderILi1EEEEC2IS2_JRKS4_EvEEOT_DpOT0_
                0x08002e82       0x38 ./Core/Src/main.o
                0x08002e82                std::_Tuple_impl<0u, AbstractInterface<500u, 3u>*, std::_Placeholder<1> >::_Tuple_impl<AbstractInterface<500u, 3u>*, std::_Placeholder<1> const&, void>(AbstractInterface<500u, 3u>*&&, std::_Placeholder<1> const&)
                0x08002e82                std::_Tuple_impl<0u, AbstractInterface<500u, 3u>*, std::_Placeholder<1> >::_Tuple_impl<AbstractInterface<500u, 3u>*, std::_Placeholder<1> const&, void>(AbstractInterface<500u, 3u>*&&, std::_Placeholder<1> const&)
 .text._ZNKSt9_Any_data9_M_accessIPSt5_BindIFM17AbstractInterfaceILj500ELj3EEFvP12StaticVectorIhLj500EEEPS3_St12_PlaceholderILi1EEEEEERKT_v
                0x08002eba       0x18 ./Core/Src/main.o
                0x08002eba                std::_Bind<void (AbstractInterface<500u, 3u>::*(AbstractInterface<500u, 3u>*, std::_Placeholder<1>))(StaticVector<unsigned char, 500u>*)>* const& std::_Any_data::_M_access<std::_Bind<void (AbstractInterface<500u, 3u>::*(AbstractInterface<500u, 3u>*, std::_Placeholder<1>))(StaticVector<unsigned char, 500u>*)>*>() const
 .text._ZSt7forwardIRSt5_BindIFM17AbstractInterfaceILj500ELj3EEFvP12StaticVectorIhLj500EEEPS2_St12_PlaceholderILi1EEEEEOT_RNSt16remove_referenceISE_E4typeE
                0x08002ed2       0x16 ./Core/Src/main.o
                0x08002ed2                std::_Bind<void (AbstractInterface<500u, 3u>::*(AbstractInterface<500u, 3u>*, std::_Placeholder<1>))(StaticVector<unsigned char, 500u>*)>& std::forward<std::_Bind<void (AbstractInterface<500u, 3u>::*(AbstractInterface<500u, 3u>*, std::_Placeholder<1>))(StaticVector<unsigned char, 500u>*)>&>(std::remove_reference<std::_Bind<void (AbstractInterface<500u, 3u>::*(AbstractInterface<500u, 3u>*, std::_Placeholder<1>))(StaticVector<unsigned char, 500u>*)>&>::type&)
 .text._ZSt13__invoke_implIvRSt5_BindIFM17AbstractInterfaceILj500ELj3EEFvP12StaticVectorIhLj500EEEPS2_St12_PlaceholderILi1EEEEJS5_EET_St14__invoke_otherOT0_DpOT1_
                0x08002ee8       0x2c ./Core/Src/main.o
                0x08002ee8                void std::__invoke_impl<void, std::_Bind<void (AbstractInterface<500u, 3u>::*(AbstractInterface<500u, 3u>*, std::_Placeholder<1>))(StaticVector<unsigned char, 500u>*)>&, StaticVector<unsigned char, 500u>*>(std::__invoke_other, std::_Bind<void (AbstractInterface<500u, 3u>::*(AbstractInterface<500u, 3u>*, std::_Placeholder<1>))(StaticVector<unsigned char, 500u>*)>&, StaticVector<unsigned char, 500u>*&&)
 .text._ZNSt14_Function_base13_Base_managerISt5_BindIFM17AbstractInterfaceILj500ELj3EEFvP12StaticVectorIhLj500EEEPS3_St12_PlaceholderILi1EEEEE15_M_init_functorIRKSD_EEvRSt9_Any_dataOT_
                0x08002f14       0x24 ./Core/Src/main.o
                0x08002f14                void std::_Function_base::_Base_manager<std::_Bind<void (AbstractInterface<500u, 3u>::*(AbstractInterface<500u, 3u>*, std::_Placeholder<1>))(StaticVector<unsigned char, 500u>*)> >::_M_init_functor<std::_Bind<void (AbstractInterface<500u, 3u>::*(AbstractInterface<500u, 3u>*, std::_Placeholder<1>))(StaticVector<unsigned char, 500u>*)> const&>(std::_Any_data&, std::_Bind<void (AbstractInterface<500u, 3u>::*(AbstractInterface<500u, 3u>*, std::_Placeholder<1>))(StaticVector<unsigned char, 500u>*)> const&)
 .text._ZNSt14_Function_base13_Base_managerISt5_BindIFM17AbstractInterfaceILj500ELj3EEFvP12StaticVectorIhLj500EEEPS3_St12_PlaceholderILi1EEEEE10_M_destroyERSt9_Any_dataSt17integral_constantIbLb0EE
                0x08002f38       0x28 ./Core/Src/main.o
                0x08002f38                std::_Function_base::_Base_manager<std::_Bind<void (AbstractInterface<500u, 3u>::*(AbstractInterface<500u, 3u>*, std::_Placeholder<1>))(StaticVector<unsigned char, 500u>*)> >::_M_destroy(std::_Any_data&, std::integral_constant<bool, false>)
 .text._ZSt4swapIPFvRKSt9_Any_dataOP12StaticVectorIhLj500EEEENSt9enable_ifIXsrSt6__and_IJSt6__not_ISt15__is_tuple_likeIT_EESt21is_move_constructibleISD_ESt18is_move_assignableISD_EEE5valueEvE4typeERSD_SN_
                0x08002f60       0x3e ./Core/Src/main.o
                0x08002f60                std::enable_if<std::__and_<std::__not_<std::__is_tuple_like<void (*)(std::_Any_data const&, StaticVector<unsigned char, 500u>*&&)> >, std::is_move_constructible<void (*)(std::_Any_data const&, StaticVector<unsigned char, 500u>*&&)>, std::is_move_assignable<void (*)(std::_Any_data const&, StaticVector<unsigned char, 500u>*&&)> >::value, void>::type std::swap<void (*)(std::_Any_data const&, StaticVector<unsigned char, 500u>*&&)>(void (*&)(std::_Any_data const&, StaticVector<unsigned char, 500u>*&&), void (*&)(std::_Any_data const&, StaticVector<unsigned char, 500u>*&&))
 .text._ZNSt11__copy_moveILb0ELb1ESt26random_access_iterator_tagE8__copy_mIKhhEEPT0_PT_S7_S5_
                0x08002f9e       0x4e ./Core/Src/main.o
                0x08002f9e                unsigned char* std::__copy_move<false, true, std::random_access_iterator_tag>::__copy_m<unsigned char const, unsigned char>(unsigned char const*, unsigned char const*, unsigned char*)
 .text._ZNSt15__new_allocatorISt23_Sp_counted_ptr_inplaceI8ObserverIvESaIvELN9__gnu_cxx12_Lock_policyE0EEED2Ev
                0x08002fec       0x16 ./Core/Src/main.o
                0x08002fec                std::__new_allocator<std::_Sp_counted_ptr_inplace<Observer<void>, std::allocator<void>, (__gnu_cxx::_Lock_policy)0> >::~__new_allocator()
                0x08002fec                std::__new_allocator<std::_Sp_counted_ptr_inplace<Observer<void>, std::allocator<void>, (__gnu_cxx::_Lock_policy)0> >::~__new_allocator()
 .text._ZNSt15__allocated_ptrISaISt23_Sp_counted_ptr_inplaceI8ObserverIvESaIvELN9__gnu_cxx12_Lock_policyE0EEEEC2ERS7_PS6_
                0x08003002       0x28 ./Core/Src/main.o
                0x08003002                std::__allocated_ptr<std::allocator<std::_Sp_counted_ptr_inplace<Observer<void>, std::allocator<void>, (__gnu_cxx::_Lock_policy)0> > >::__allocated_ptr(std::allocator<std::_Sp_counted_ptr_inplace<Observer<void>, std::allocator<void>, (__gnu_cxx::_Lock_policy)0> >&, std::_Sp_counted_ptr_inplace<Observer<void>, std::allocator<void>, (__gnu_cxx::_Lock_policy)0>*)
                0x08003002                std::__allocated_ptr<std::allocator<std::_Sp_counted_ptr_inplace<Observer<void>, std::allocator<void>, (__gnu_cxx::_Lock_policy)0> > >::__allocated_ptr(std::allocator<std::_Sp_counted_ptr_inplace<Observer<void>, std::allocator<void>, (__gnu_cxx::_Lock_policy)0> >&, std::_Sp_counted_ptr_inplace<Observer<void>, std::allocator<void>, (__gnu_cxx::_Lock_policy)0>*)
 .text._ZSt12__to_addressISt23_Sp_counted_ptr_inplaceI8ObserverIvESaIvELN9__gnu_cxx12_Lock_policyE0EEEPT_S8_
                0x0800302a       0x16 ./Core/Src/main.o
                0x0800302a                std::_Sp_counted_ptr_inplace<Observer<void>, std::allocator<void>, (__gnu_cxx::_Lock_policy)0>* std::__to_address<std::_Sp_counted_ptr_inplace<Observer<void>, std::allocator<void>, (__gnu_cxx::_Lock_policy)0> >(std::_Sp_counted_ptr_inplace<Observer<void>, std::allocator<void>, (__gnu_cxx::_Lock_policy)0>*)
 .text._ZNSt16_Sp_counted_baseILN9__gnu_cxx12_Lock_policyE0EEC2Ev
                0x08003040       0x2c ./Core/Src/main.o
                0x08003040                std::_Sp_counted_base<(__gnu_cxx::_Lock_policy)0>::_Sp_counted_base()
                0x08003040                std::_Sp_counted_base<(__gnu_cxx::_Lock_policy)0>::_Sp_counted_base()
 .text._ZNSt23_Sp_counted_ptr_inplaceI8ObserverIvESaIvELN9__gnu_cxx12_Lock_policyE0EE5_ImplC2ES2_
                0x0800306c       0x1e ./Core/Src/main.o
                0x0800306c                std::_Sp_counted_ptr_inplace<Observer<void>, std::allocator<void>, (__gnu_cxx::_Lock_policy)0>::_Impl::_Impl(std::allocator<void>)
                0x0800306c                std::_Sp_counted_ptr_inplace<Observer<void>, std::allocator<void>, (__gnu_cxx::_Lock_policy)0>::_Impl::_Impl(std::allocator<void>)
 .text._ZN9__gnu_cxx16__aligned_bufferI8ObserverIvEE6_M_ptrEv
                0x0800308a       0x18 ./Core/Src/main.o
                0x0800308a                __gnu_cxx::__aligned_buffer<Observer<void> >::_M_ptr()
 .text._ZSt16forward_as_tupleIJPvEESt5tupleIJDpOT_EES4_
                0x080030a2       0x22 ./Core/Src/main.o
                0x080030a2                std::tuple<void*&&> std::forward_as_tuple<void*>(void*&&)
 .text._ZNSt5_BindIFM6WorkerILj1EEFvvEPS1_EE6__callIvJOPvEJLj0EEEET_OSt5tupleIJDpT0_EESt12_Index_tupleIJXspT1_EEE
                0x080030c4       0x38 ./Core/Src/main.o
                0x080030c4                void std::_Bind<void (Worker<1u>::*(Worker<1u>*))()>::__call<void, void*&&, 0u>(std::tuple<void*&&>&&, std::_Index_tuple<0u>)
 .text._ZSt18__allocate_guardedISaISt23_Sp_counted_ptr_inplaceI8ObserverI12StaticVectorIhLj500EEESaIvELN9__gnu_cxx12_Lock_policyE0EEEESt15__allocated_ptrIT_ERSB_
                0x080030fc       0x32 ./Core/Src/main.o
                0x080030fc                std::__allocated_ptr<std::allocator<std::_Sp_counted_ptr_inplace<Observer<StaticVector<unsigned char, 500u> >, std::allocator<void>, (__gnu_cxx::_Lock_policy)0> > > std::__allocate_guarded<std::allocator<std::_Sp_counted_ptr_inplace<Observer<StaticVector<unsigned char, 500u> >, std::allocator<void>, (__gnu_cxx::_Lock_policy)0> > >(std::allocator<std::_Sp_counted_ptr_inplace<Observer<StaticVector<unsigned char, 500u> >, std::allocator<void>, (__gnu_cxx::_Lock_policy)0> >&)
 .text._ZNSt15__allocated_ptrISaISt23_Sp_counted_ptr_inplaceI8ObserverI12StaticVectorIhLj500EEESaIvELN9__gnu_cxx12_Lock_policyE0EEEED2Ev
                0x0800312e       0x36 ./Core/Src/main.o
                0x0800312e                std::__allocated_ptr<std::allocator<std::_Sp_counted_ptr_inplace<Observer<StaticVector<unsigned char, 500u> >, std::allocator<void>, (__gnu_cxx::_Lock_policy)0> > >::~__allocated_ptr()
                0x0800312e                std::__allocated_ptr<std::allocator<std::_Sp_counted_ptr_inplace<Observer<StaticVector<unsigned char, 500u> >, std::allocator<void>, (__gnu_cxx::_Lock_policy)0> > >::~__allocated_ptr()
 .text._ZNSt15__allocated_ptrISaISt23_Sp_counted_ptr_inplaceI8ObserverI12StaticVectorIhLj500EEESaIvELN9__gnu_cxx12_Lock_policyE0EEEE3getEv
                0x08003164       0x1c ./Core/Src/main.o
                0x08003164                std::__allocated_ptr<std::allocator<std::_Sp_counted_ptr_inplace<Observer<StaticVector<unsigned char, 500u> >, std::allocator<void>, (__gnu_cxx::_Lock_policy)0> > >::get()
 .text._ZNSt23_Sp_counted_ptr_inplaceI8ObserverI12StaticVectorIhLj500EEESaIvELN9__gnu_cxx12_Lock_policyE0EEC2IJEEES4_DpOT_
                0x08003180       0x44 ./Core/Src/main.o
                0x08003180                std::_Sp_counted_ptr_inplace<Observer<StaticVector<unsigned char, 500u> >, std::allocator<void>, (__gnu_cxx::_Lock_policy)0>::_Sp_counted_ptr_inplace<>(std::allocator<void>)
                0x08003180                std::_Sp_counted_ptr_inplace<Observer<StaticVector<unsigned char, 500u> >, std::allocator<void>, (__gnu_cxx::_Lock_policy)0>::_Sp_counted_ptr_inplace<>(std::allocator<void>)
 .text._ZNSt15__allocated_ptrISaISt23_Sp_counted_ptr_inplaceI8ObserverI12StaticVectorIhLj500EEESaIvELN9__gnu_cxx12_Lock_policyE0EEEEaSEDn
                0x080031c4       0x1e ./Core/Src/main.o
                0x080031c4                std::__allocated_ptr<std::allocator<std::_Sp_counted_ptr_inplace<Observer<StaticVector<unsigned char, 500u> >, std::allocator<void>, (__gnu_cxx::_Lock_policy)0> > >::operator=(decltype(nullptr))
 .text._ZNSt23_Sp_counted_ptr_inplaceI8ObserverI12StaticVectorIhLj500EEESaIvELN9__gnu_cxx12_Lock_policyE0EE6_M_ptrEv
                0x080031e2       0x1c ./Core/Src/main.o
                0x080031e2                std::_Sp_counted_ptr_inplace<Observer<StaticVector<unsigned char, 500u> >, std::allocator<void>, (__gnu_cxx::_Lock_policy)0>::_M_ptr()
 .text._ZSt4moveIRP8ObserverI12StaticVectorIhLj500EEEEONSt16remove_referenceIT_E4typeEOS7_
                0x080031fe       0x16 ./Core/Src/main.o
                0x080031fe                std::remove_reference<Observer<StaticVector<unsigned char, 500u> >*&>::type&& std::move<Observer<StaticVector<unsigned char, 500u> >*&>(Observer<StaticVector<unsigned char, 500u> >*&)
 .text._ZNSt11_Tuple_implILj1EJSt12_PlaceholderILi1EEEEC2ERKS1_
                0x08003214       0x1c ./Core/Src/main.o
                0x08003214                std::_Tuple_impl<1u, std::_Placeholder<1> >::_Tuple_impl(std::_Placeholder<1> const&)
                0x08003214                std::_Tuple_impl<1u, std::_Placeholder<1> >::_Tuple_impl(std::_Placeholder<1> const&)
 .text._ZNSt10_Head_baseILj0EP17AbstractInterfaceILj500ELj3EELb0EEC2IS2_EEOT_
                0x08003230       0x22 ./Core/Src/main.o
                0x08003230                std::_Head_base<0u, AbstractInterface<500u, 3u>*, false>::_Head_base<AbstractInterface<500u, 3u>*>(AbstractInterface<500u, 3u>*&&)
                0x08003230                std::_Head_base<0u, AbstractInterface<500u, 3u>*, false>::_Head_base<AbstractInterface<500u, 3u>*>(AbstractInterface<500u, 3u>*&&)
 .text._ZNSt5_BindIFM17AbstractInterfaceILj500ELj3EEFvP12StaticVectorIhLj500EEEPS1_St12_PlaceholderILi1EEEEclIJS4_EvEET0_DpOT_
                0x08003252       0x34 ./Core/Src/main.o
                0x08003252                void std::_Bind<void (AbstractInterface<500u, 3u>::*(AbstractInterface<500u, 3u>*, std::_Placeholder<1>))(StaticVector<unsigned char, 500u>*)>::operator()<StaticVector<unsigned char, 500u>*, void>(StaticVector<unsigned char, 500u>*&&)
 .text._ZSt7forwardIRKSt5_BindIFM17AbstractInterfaceILj500ELj3EEFvP12StaticVectorIhLj500EEEPS2_St12_PlaceholderILi1EEEEEOT_RNSt16remove_referenceISF_E4typeE
                0x08003286       0x16 ./Core/Src/main.o
                0x08003286                std::_Bind<void (AbstractInterface<500u, 3u>::*(AbstractInterface<500u, 3u>*, std::_Placeholder<1>))(StaticVector<unsigned char, 500u>*)> const& std::forward<std::_Bind<void (AbstractInterface<500u, 3u>::*(AbstractInterface<500u, 3u>*, std::_Placeholder<1>))(StaticVector<unsigned char, 500u>*)> const&>(std::remove_reference<std::_Bind<void (AbstractInterface<500u, 3u>::*(AbstractInterface<500u, 3u>*, std::_Placeholder<1>))(StaticVector<unsigned char, 500u>*)> const&>::type&)
 .text._ZNSt14_Function_base13_Base_managerISt5_BindIFM17AbstractInterfaceILj500ELj3EEFvP12StaticVectorIhLj500EEEPS3_St12_PlaceholderILi1EEEEE9_M_createIRKSD_EEvRSt9_Any_dataOT_St17integral_constantIbLb0EE
                0x0800329c       0x38 ./Core/Src/main.o